Archive member included to satisfy reference by file (symbol)

C:/nxp/S32DS_ARM_v2018.R1/Cross_Tools/gcc-6.3-arm32-eabi/arm-none-eabi/newlib/lib/thumb/v7e-m/fpv4-sp/hard\libstdc++.a(guard.o)
                              ./src/main.o (__cxa_guard_acquire)
C:/nxp/S32DS_ARM_v2018.R1/Cross_Tools/gcc-6.3-arm32-eabi/arm-none-eabi/newlib/lib/thumb/v7e-m/fpv4-sp/hard\libstdc++.a(eh_throw.o)
                              ./src/main.o (__cxa_throw)
C:/nxp/S32DS_ARM_v2018.R1/Cross_Tools/gcc-6.3-arm32-eabi/arm-none-eabi/newlib/lib/thumb/v7e-m/fpv4-sp/hard\libstdc++.a(eh_catch.o)
                              ./src/main.o (__cxa_begin_catch)
C:/nxp/S32DS_ARM_v2018.R1/Cross_Tools/gcc-6.3-arm32-eabi/arm-none-eabi/newlib/lib/thumb/v7e-m/fpv4-sp/hard\libstdc++.a(eh_exception.o)
                              ./src/main.o (vtable for std::exception)
C:/nxp/S32DS_ARM_v2018.R1/Cross_Tools/gcc-6.3-arm32-eabi/arm-none-eabi/newlib/lib/thumb/v7e-m/fpv4-sp/hard\libstdc++.a(vmi_class_type_info.o)
                              ./src/main.o (vtable for __cxxabiv1::__vmi_class_type_info)
C:/nxp/S32DS_ARM_v2018.R1/Cross_Tools/gcc-6.3-arm32-eabi/arm-none-eabi/newlib/lib/thumb/v7e-m/fpv4-sp/hard\libstdc++.a(eh_alloc.o)
                              ./src/main.o (__cxa_allocate_exception)
C:/nxp/S32DS_ARM_v2018.R1/Cross_Tools/gcc-6.3-arm32-eabi/arm-none-eabi/newlib/lib/thumb/v7e-m/fpv4-sp/hard\libstdc++.a(eh_personality.o)
                              ./src/main.o (__gxx_personality_v0)
C:/nxp/S32DS_ARM_v2018.R1/Cross_Tools/gcc-6.3-arm32-eabi/arm-none-eabi/newlib/lib/thumb/v7e-m/fpv4-sp/hard\libstdc++.a(eh_arm.o)
                              ./src/main.o (__cxa_end_cleanup)
C:/nxp/S32DS_ARM_v2018.R1/Cross_Tools/gcc-6.3-arm32-eabi/arm-none-eabi/newlib/lib/thumb/v7e-m/fpv4-sp/hard\libstdc++.a(si_class_type_info.o)
                              ./src/main.o (vtable for __cxxabiv1::__si_class_type_info)
C:/nxp/S32DS_ARM_v2018.R1/Cross_Tools/gcc-6.3-arm32-eabi/arm-none-eabi/newlib/lib/thumb/v7e-m/fpv4-sp/hard\libstdc++.a(tinfo.o)
                              C:/nxp/S32DS_ARM_v2018.R1/Cross_Tools/gcc-6.3-arm32-eabi/arm-none-eabi/newlib/lib/thumb/v7e-m/fpv4-sp/hard\libstdc++.a(vmi_class_type_info.o) (std::type_info::__is_function_p() const)
C:/nxp/S32DS_ARM_v2018.R1/Cross_Tools/gcc-6.3-arm32-eabi/arm-none-eabi/newlib/lib/thumb/v7e-m/fpv4-sp/hard\libstdc++.a(pure.o)
                              ./src/main.o (__cxa_pure_virtual)
C:/nxp/S32DS_ARM_v2018.R1/Cross_Tools/gcc-6.3-arm32-eabi/arm-none-eabi/newlib/lib/thumb/v7e-m/fpv4-sp/hard\libstdc++.a(eh_call.o)
                              C:/nxp/S32DS_ARM_v2018.R1/Cross_Tools/gcc-6.3-arm32-eabi/arm-none-eabi/newlib/lib/thumb/v7e-m/fpv4-sp/hard\libstdc++.a(eh_personality.o) (__cxa_call_terminate)
C:/nxp/S32DS_ARM_v2018.R1/Cross_Tools/gcc-6.3-arm32-eabi/arm-none-eabi/newlib/lib/thumb/v7e-m/fpv4-sp/hard\libstdc++.a(class_type_info.o)
                              C:/nxp/S32DS_ARM_v2018.R1/Cross_Tools/gcc-6.3-arm32-eabi/arm-none-eabi/newlib/lib/thumb/v7e-m/fpv4-sp/hard\libstdc++.a(vmi_class_type_info.o) (__cxxabiv1::__class_type_info::__do_upcast(__cxxabiv1::__class_type_info const*, void**) const)
C:/nxp/S32DS_ARM_v2018.R1/Cross_Tools/gcc-6.3-arm32-eabi/arm-none-eabi/newlib/lib/thumb/v7e-m/fpv4-sp/hard\libstdc++.a(bad_alloc.o)
                              ./src/main.o (std::bad_alloc::~bad_alloc())
C:/nxp/S32DS_ARM_v2018.R1/Cross_Tools/gcc-6.3-arm32-eabi/arm-none-eabi/newlib/lib/thumb/v7e-m/fpv4-sp/hard\libstdc++.a(eh_terminate.o)
                              C:/nxp/S32DS_ARM_v2018.R1/Cross_Tools/gcc-6.3-arm32-eabi/arm-none-eabi/newlib/lib/thumb/v7e-m/fpv4-sp/hard\libstdc++.a(eh_throw.o) (__cxxabiv1::__terminate(void (*)()))
C:/nxp/S32DS_ARM_v2018.R1/Cross_Tools/gcc-6.3-arm32-eabi/arm-none-eabi/newlib/lib/thumb/v7e-m/fpv4-sp/hard\libstdc++.a(del_ops.o)
                              ./src/main.o (operator delete(void*, unsigned int))
C:/nxp/S32DS_ARM_v2018.R1/Cross_Tools/gcc-6.3-arm32-eabi/arm-none-eabi/newlib/lib/thumb/v7e-m/fpv4-sp/hard\libstdc++.a(eh_globals.o)
                              C:/nxp/S32DS_ARM_v2018.R1/Cross_Tools/gcc-6.3-arm32-eabi/arm-none-eabi/newlib/lib/thumb/v7e-m/fpv4-sp/hard\libstdc++.a(eh_catch.o) (__cxa_get_globals_fast)
C:/nxp/S32DS_ARM_v2018.R1/Cross_Tools/gcc-6.3-arm32-eabi/arm-none-eabi/newlib/lib/thumb/v7e-m/fpv4-sp/hard\libstdc++.a(guard_error.o)
                              C:/nxp/S32DS_ARM_v2018.R1/Cross_Tools/gcc-6.3-arm32-eabi/arm-none-eabi/newlib/lib/thumb/v7e-m/fpv4-sp/hard\libstdc++.a(guard.o) (__gnu_cxx::recursive_init_error::~recursive_init_error())
C:/nxp/S32DS_ARM_v2018.R1/Cross_Tools/gcc-6.3-arm32-eabi/arm-none-eabi/newlib/lib/thumb/v7e-m/fpv4-sp/hard\libstdc++.a(eh_unex_handler.o)
                              C:/nxp/S32DS_ARM_v2018.R1/Cross_Tools/gcc-6.3-arm32-eabi/arm-none-eabi/newlib/lib/thumb/v7e-m/fpv4-sp/hard\libstdc++.a(eh_terminate.o) (__cxxabiv1::__unexpected_handler)
[...]
Memory Configuration

Name             Origin             Length             Attributes
m_interrupts     0x00000000         0x00000400         xr
m_flash_config   0x00000400         0x00000010         xr
m_text           0x00000410         0x0003fbf0         xr
m_data           0x1fffc000         0x00004000         rw
m_data_2         0x20000000         0x00003000         rw
*default*        0x00000000         0xffffffff

Linker script and memory map

LOAD c:/nxp/s32ds_arm_v2018.r1/cross_tools/gcc-6.3-arm32-eabi/bin/../lib/gcc/arm-none-eabi/6.3.1/thumb/v7e-m/fpv4-sp/hard/crti.o
LOAD c:/nxp/s32ds_arm_v2018.r1/cross_tools/gcc-6.3-arm32-eabi/bin/../lib/gcc/arm-none-eabi/6.3.1/thumb/v7e-m/fpv4-sp/hard/crtbegin.o
LOAD C:/nxp/S32DS_ARM_v2018.R1/Cross_Tools/gcc-6.3-arm32-eabi/arm-none-eabi/newlib/lib/thumb/v7e-m/fpv4-sp/hard/crt0.o
LOAD ./src/main.o
LOAD ./Project_Settings/Startup_Code/system_S32K142.o
LOAD ./Project_Settings/Startup_Code/startup_S32K142.o
LOAD ./Project_Settings/Startup_Code/startup.o
LOAD C:/nxp/S32DS_ARM_v2018.R1/Cross_Tools/gcc-6.3-arm32-eabi/arm-none-eabi/newlib/lib/thumb/v7e-m/fpv4-sp/hard\libstdc++.a
LOAD C:/nxp/S32DS_ARM_v2018.R1/Cross_Tools/gcc-6.3-arm32-eabi/arm-none-eabi/newlib/lib/thumb/v7e-m/fpv4-sp/hard\libm.a
START GROUP
LOAD c:/nxp/s32ds_arm_v2018.r1/cross_tools/gcc-6.3-arm32-eabi/bin/../lib/gcc/arm-none-eabi/6.3.1/thumb/v7e-m/fpv4-sp/hard\libgcc.a
LOAD C:/nxp/S32DS_ARM_v2018.R1/Cross_Tools/gcc-6.3-arm32-eabi/arm-none-eabi/newlib/lib/thumb/v7e-m/fpv4-sp/hard\libc.a
END GROUP
START GROUP
LOAD c:/nxp/s32ds_arm_v2018.r1/cross_tools/gcc-6.3-arm32-eabi/bin/../lib/gcc/arm-none-eabi/6.3.1/thumb/v7e-m/fpv4-sp/hard\libgcc.a
LOAD C:/nxp/S32DS_ARM_v2018.R1/Cross_Tools/gcc-6.3-arm32-eabi/arm-none-eabi/newlib/lib/thumb/v7e-m/fpv4-sp/hard\libc.a
LOAD C:/nxp/S32DS_ARM_v2018.R1/Cross_Tools/gcc-6.3-arm32-eabi/arm-none-eabi/newlib/lib/thumb/v7e-m/fpv4-sp/hard\libnosys.a
END GROUP
LOAD c:/nxp/s32ds_arm_v2018.r1/cross_tools/gcc-6.3-arm32-eabi/bin/../lib/gcc/arm-none-eabi/6.3.1/thumb/v7e-m/fpv4-sp/hard/crtend.o
LOAD c:/nxp/s32ds_arm_v2018.r1/cross_tools/gcc-6.3-arm32-eabi/bin/../lib/gcc/arm-none-eabi/6.3.1/thumb/v7e-m/fpv4-sp/hard/crtn.o
                0x00000400                HEAP_SIZE = DEFINED (__heap_size__)?__heap_size__:0x400
                0x00000400                STACK_SIZE = DEFINED (__stack_size__)?__stack_size__:0x400
                0x00000400                M_VECTOR_RAM_SIZE = DEFINED (__flash_vector_table__)?0x0:0x400

.interrupts     0x00000000      0x400
                0x00000000                __VECTOR_TABLE = .
                0x00000000                __interrupts_start__ = .
                0x00000000                . = ALIGN (0x4)
 *(.isr_vector)
 .isr_vector    0x00000000      0x400 ./Project_Settings/Startup_Code/startup_S32K142.o
                0x00000000                __isr_vector
                0x00000400                __interrupts_end__ = .
                0x00000400                . = ALIGN (0x4)

.flash_config   0x00000400       0x10
                0x00000400                . = ALIGN (0x4)
 *(.FlashConfig)
 .FlashConfig   0x00000400       0x10 ./Project_Settings/Startup_Code/startup_S32K142.o
                0x00000410                . = ALIGN (0x4)

.text           0x00000410    0x11ce0
                0x00000410                . = ALIGN (0x4)
 *(.text)
 .text          0x00000410       0xa4 c:/nxp/s32ds_arm_v2018.r1/cross_tools/gcc-6.3-arm32-eabi/bin/../lib/gcc/arm-none-eabi/6.3.1/thumb/v7e-m/fpv4-sp/hard/crtbegin.o
 .text          0x000004b4       0x74 C:/nxp/S32DS_ARM_v2018.R1/Cross_Tools/gcc-6.3-arm32-eabi/arm-none-eabi/newlib/lib/thumb/v7e-m/fpv4-sp/hard/crt0.o
                0x000004b4                _start
                0x000004b4                _mainCRTStartup
 .text          0x00000528       0x6c ./Project_Settings/Startup_Code/startup_S32K142.o
                0x00000528                Reset_Handler
                0x00000590                Reserved111_IRQHandler
                0x00000590                DebugMon_Handler
                0x00000590                Reserved88_IRQHandler
                0x00000590                CAN0_ORed_IRQHandler
                0x00000590                HardFault_Handler
                0x00000590                Reserved86_IRQHandler
                0x00000590                Reserved103_IRQHandler
                0x00000590                SysTick_Handler
                0x00000590                FTM2_Ovf_Reload_IRQHandler
                0x00000590                Reserved50_IRQHandler
                0x00000590                FTFC_Fault_IRQHandler
                0x00000590                FTM0_Ch6_Ch7_IRQHandler
                0x00000590                Reserved114_IRQHandler
                0x00000590                PendSV_Handler
                0x00000590                NMI_Handler
                0x00000590                Reserved89_IRQHandler
                0x00000590                ERM_double_fault_IRQHandler
                0x00000590                DMA2_IRQHandler
                0x00000590                Reserved59_IRQHandler
                0x00000590                LPIT0_Ch0_IRQHandler
                0x00000590                Reserved99_IRQHandler
                0x00000590                FTM3_Ch6_Ch7_IRQHandler
                0x00000590                LPIT0_Ch3_IRQHandler
                0x00000590                Reserved92_IRQHandler
                0x00000590                FTM0_Ch4_Ch5_IRQHandler
                0x00000590                CAN1_Error_IRQHandler
                0x00000590                FTM3_Ch0_Ch1_IRQHandler
                0x00000590                SWI_IRQHandler
                0x00000590                ADC0_IRQHandler
                0x00000590                FTM2_Ch4_Ch5_IRQHandler
                0x00000590                UsageFault_Handler
                0x00000590                FTM0_Ovf_Reload_IRQHandler
                0x00000590                DefaultISR
                0x00000590                DMA9_IRQHandler
                0x00000590                Reserved58_IRQHandler
                0x00000590                CAN1_ORed_0_15_MB_IRQHandler
                0x00000590                FTM1_Ch2_Ch3_IRQHandler
                0x00000590                DMA14_IRQHandler
                0x00000590                Reserved82_IRQHandler
                0x00000590                CAN0_ORed_16_31_MB_IRQHandler
                0x00000590                LPI2C0_Slave_IRQHandler
                0x00000590                Reserved71_IRQHandler
                0x00000590                PORTD_IRQHandler
                0x00000590                Reserved69_IRQHandler
                0x00000590                PORTB_IRQHandler
                0x00000590                Reserved70_IRQHandler
                0x00000590                ADC1_IRQHandler
                0x00000590                FTM2_Ch2_Ch3_IRQHandler
                0x00000590                Reserved53_IRQHandler
                0x00000590                DMA5_IRQHandler
                0x00000590                RTC_IRQHandler
                0x00000590                PDB0_IRQHandler
                0x00000590                Reserved54_IRQHandler
                0x00000590                FTM2_Ch6_Ch7_IRQHandler
                0x00000590                FTM3_Ch2_Ch3_IRQHandler
                0x00000590                FTM2_Ch0_Ch1_IRQHandler
                0x00000590                LPSPI1_IRQHandler
                0x00000590                LPUART1_RxTx_IRQHandler
                0x00000590                RTC_Seconds_IRQHandler
                0x00000590                Reserved108_IRQHandler
                0x00000590                Reserved72_IRQHandler
                0x00000590                Reserved110_IRQHandler
                0x00000590                DMA11_IRQHandler
                0x00000590                Reserved107_IRQHandler
                0x00000590                Read_Collision_IRQHandler
                0x00000590                FTFC_IRQHandler
                0x00000590                DMA7_IRQHandler
                0x00000590                FTM1_Ch6_Ch7_IRQHandler
                0x00000590                Reserved105_IRQHandler
                0x00000590                LPIT0_Ch1_IRQHandler
                0x00000590                FTM1_Ch4_Ch5_IRQHandler
                0x00000590                FTM3_Ovf_Reload_IRQHandler
                0x00000590                LPSPI0_IRQHandler
                0x00000590                WDOG_EWM_IRQHandler
                0x00000590                MemManage_Handler
                0x00000590                Reserved90_IRQHandler
                0x00000590                Reserved83_IRQHandler
                0x00000590                FTM0_Fault_IRQHandler
                0x00000590                Reserved48_IRQHandler
                0x00000590                SVC_Handler
                0x00000590                ERM_single_fault_IRQHandler
                0x00000590                FTM2_Fault_IRQHandler
                0x00000590                FTM0_Ch2_Ch3_IRQHandler
                0x00000590                Reserved109_IRQHandler
                0x00000590                DMA13_IRQHandler
                0x00000590                FTM0_Ch0_Ch1_IRQHandler
                0x00000590                FTM3_Fault_IRQHandler
                0x00000590                RCM_IRQHandler
                0x00000590                DMA3_IRQHandler
                0x00000590                Reserved100_IRQHandler
                0x00000590                DMA0_IRQHandler
                0x00000590                Reserved91_IRQHandler
                0x00000590                CAN1_ORed_IRQHandler
                0x00000590                DMA15_IRQHandler
                0x00000590                SCG_IRQHandler
                0x00000590                PDB1_IRQHandler
                0x00000590                Reserved81_IRQHandler
                0x00000590                Reserved46_IRQHandler
                0x00000590                Reserved45_IRQHandler
                0x00000590                CAN0_Error_IRQHandler
                0x00000590                Reserved112_IRQHandler
                0x00000590                LPI2C0_Master_IRQHandler
                0x00000590                DMA4_IRQHandler
                0x00000590                FTM1_Fault_IRQHandler
                0x00000590                Reserved106_IRQHandler
                0x00000590                DMA_Error_IRQHandler
                0x00000590                LVD_LVW_IRQHandler
                0x00000590                LPIT0_Ch2_IRQHandler
                0x00000590                Reserved51_IRQHandler
                0x00000590                PORTA_IRQHandler
                0x00000590                MCM_IRQHandler
                0x00000590                DMA12_IRQHandler
                0x00000590                Reserved44_IRQHandler
                0x00000590                FTM3_Ch4_Ch5_IRQHandler
                0x00000590                PORTE_IRQHandler
                0x00000590                LPUART0_RxTx_IRQHandler
                0x00000590                LPTMR0_IRQHandler
                0x00000590                BusFault_Handler
                0x00000590                Reserved87_IRQHandler
                0x00000590                FTM1_Ovf_Reload_IRQHandler
                0x00000590                DMA8_IRQHandler
                0x00000590                Reserved93_IRQHandler
                0x00000590                DMA10_IRQHandler
                0x00000590                CAN0_Wake_Up_IRQHandler
                0x00000590                CMP0_IRQHandler
                0x00000590                Reserved52_IRQHandler
                0x00000590                PORTC_IRQHandler
                0x00000590                DMA6_IRQHandler
                0x00000590                FTM1_Ch0_Ch1_IRQHandler
                0x00000590                FLEXIO_IRQHandler
                0x00000590                DMA1_IRQHandler
                0x00000590                Reserved113_IRQHandler
 .text          0x00000594     0x66a8 C:/nxp/S32DS_ARM_v2018.R1/Cross_Tools/gcc-6.3-arm32-eabi/arm-none-eabi/newlib/lib/thumb/v7e-m/fpv4-sp/hard\libstdc++.a(cp-demangle.o)
                0x00006b60                __cxa_demangle
                0x00006c18                __gcclibcxx_demangle_callback
 .text          0x00006c3c      0x9bc c:/nxp/s32ds_arm_v2018.r1/cross_tools/gcc-6.3-arm32-eabi/bin/../lib/gcc/arm-none-eabi/6.3.1/thumb/v7e-m/fpv4-sp/hard\libgcc.a(unwind-arm.o)
                0x00006efc                _Unwind_GetCFA
                0x00006f00                __gnu_Unwind_RaiseException
                0x00006f60                __gnu_Unwind_ForcedUnwind
                0x00006f74                __gnu_Unwind_Resume
                0x00006fb8                __gnu_Unwind_Resume_or_Rethrow
                0x00006fc8                _Unwind_Complete
                0x00006fcc                _Unwind_DeleteException
                0x00006fd8                _Unwind_VRS_Get
                0x0000701c                _Unwind_VRS_Set
                0x00007064                __gnu_Unwind_Backtrace
                0x000073a4                __aeabi_unwind_cpp_pr0
                0x000073a8                __aeabi_unwind_cpp_pr1
                0x000073ac                __aeabi_unwind_cpp_pr2
                0x000073b0                _Unwind_VRS_Pop
 .text          0x000075f8      0x1ac c:/nxp/s32ds_arm_v2018.r1/cross_tools/gcc-6.3-arm32-eabi/bin/../lib/gcc/arm-none-eabi/6.3.1/thumb/v7e-m/fpv4-sp/hard\libgcc.a(libunwind.o)
                0x000075f8                __restore_core_regs
                0x000075f8                restore_core_regs
                0x00007610                __gnu_Unwind_Restore_VFP
                0x00007618                __gnu_Unwind_Save_VFP
                0x00007620                __gnu_Unwind_Restore_VFP_D
                0x00007628                __gnu_Unwind_Save_VFP_D
                0x00007630                __gnu_Unwind_Restore_VFP_D_16_to_31
                0x00007638                __gnu_Unwind_Save_VFP_D_16_to_31
                0x00007640                __gnu_Unwind_Restore_WMMXD
                0x00007684                __gnu_Unwind_Save_WMMXD
                0x000076c8                __gnu_Unwind_Restore_WMMXC
                0x000076dc                __gnu_Unwind_Save_WMMXC
                0x000076f0                ___Unwind_RaiseException
                0x000076f0                _Unwind_RaiseException
                0x00007714                _Unwind_Resume
                0x00007714                ___Unwind_Resume
                0x00007738                _Unwind_Resume_or_Rethrow
                0x00007738                ___Unwind_Resume_or_Rethrow
                0x0000775c                _Unwind_ForcedUnwind
                0x0000775c                ___Unwind_ForcedUnwind
                0x00007780                ___Unwind_Backtrace
                0x00007780                _Unwind_Backtrace
 .text          0x000077a4      0x380 c:/nxp/s32ds_arm_v2018.r1/cross_tools/gcc-6.3-arm32-eabi/bin/../lib/gcc/arm-none-eabi/6.3.1/thumb/v7e-m/fpv4-sp/hard\libgcc.a(pr-support.o)
                0x000077fc                __gnu_unwind_execute
                0x00007acc                __gnu_unwind_frame
                0x00007af4                _Unwind_GetRegionStart
                0x00007b00                _Unwind_GetLanguageSpecificData
                0x00007b14                _Unwind_GetTextRelBase
                0x00007b1c                _Unwind_GetDataRelBase
 *fill*         0x00007b24        0xc 
 .text          0x00007b30       0xa0 C:/nxp/S32DS_ARM_v2018.R1/Cross_Tools/gcc-6.3-arm32-eabi/arm-none-eabi/newlib/lib/thumb/v7e-m/fpv4-sp/hard\libc.a(lib_a-memchr.o)
                0x00007b30                memchr
 .text          0x00007bd0       0x14 C:/nxp/S32DS_ARM_v2018.R1/Cross_Tools/gcc-6.3-arm32-eabi/arm-none-eabi/newlib/lib/thumb/v7e-m/fpv4-sp/hard\libc.a(lib_a-strcmp.o)
                0x00007bd0                strcmp
 .text          0x00007be4       0x10 C:/nxp/S32DS_ARM_v2018.R1/Cross_Tools/gcc-6.3-arm32-eabi/arm-none-eabi/newlib/lib/thumb/v7e-m/fpv4-sp/hard\libc.a(lib_a-strlen.o)
                0x00007be4                strlen
 .text          0x00007bf4      0x378 c:/nxp/s32ds_arm_v2018.r1/cross_tools/gcc-6.3-arm32-eabi/bin/../lib/gcc/arm-none-eabi/6.3.1/thumb/v7e-m/fpv4-sp/hard\libgcc.a(_arm_addsubdf3.o)
                0x00007bf4                __aeabi_drsub
                0x00007bfc                __aeabi_dsub
                0x00007bfc                __subdf3
                0x00007c00                __aeabi_dadd
                0x00007c00                __adddf3
                0x00007e78                __floatunsidf
                0x00007e78                __aeabi_ui2d
                0x00007e98                __floatsidf
                0x00007e98                __aeabi_i2d
                0x00007ebc                __aeabi_f2d
                0x00007ebc                __extendsfdf2
                0x00007f00                __floatundidf
                0x00007f00                __aeabi_ul2d
                0x00007f10                __floatdidf
                0x00007f10                __aeabi_l2d
 .text          0x00007f6c      0x424 c:/nxp/s32ds_arm_v2018.r1/cross_tools/gcc-6.3-arm32-eabi/bin/../lib/gcc/arm-none-eabi/6.3.1/thumb/v7e-m/fpv4-sp/hard\libgcc.a(_arm_muldivdf3.o)
                0x00007f6c                __aeabi_dmul
                0x00007f6c                __muldf3
                0x000081c0                __divdf3
                0x000081c0                __aeabi_ddiv
 .text          0x00008390      0x110 c:/nxp/s32ds_arm_v2018.r1/cross_tools/gcc-6.3-arm32-eabi/bin/../lib/gcc/arm-none-eabi/6.3.1/thumb/v7e-m/fpv4-sp/hard\libgcc.a(_arm_cmpdf2.o)
                0x00008390                __gtdf2
                0x00008390                __gedf2
                0x00008398                __ltdf2
                0x00008398                __ledf2
                0x000083a0                __nedf2
                0x000083a0                __eqdf2
                0x000083a0                __cmpdf2
                0x0000841c                __aeabi_cdrcmple
                0x0000842c                __aeabi_cdcmpeq
                0x0000842c                __aeabi_cdcmple
                0x0000843c                __aeabi_dcmpeq
                0x00008450                __aeabi_dcmplt
                0x00008464                __aeabi_dcmple
                0x00008478                __aeabi_dcmpge
                0x0000848c                __aeabi_dcmpgt
 .text          0x000084a0       0x2c c:/nxp/s32ds_arm_v2018.r1/cross_tools/gcc-6.3-arm32-eabi/bin/../lib/gcc/arm-none-eabi/6.3.1/thumb/v7e-m/fpv4-sp/hard\libgcc.a(_arm_unorddf2.o)
                0x000084a0                __unorddf2
                0x000084a0                __aeabi_dcmpun
 .text          0x000084cc       0x50 c:/nxp/s32ds_arm_v2018.r1/cross_tools/gcc-6.3-arm32-eabi/bin/../lib/gcc/arm-none-eabi/6.3.1/thumb/v7e-m/fpv4-sp/hard\libgcc.a(_arm_fixdfsi.o)
                0x000084cc                __aeabi_d2iz
                0x000084cc                __fixdfsi
 .text          0x0000851c       0x30 c:/nxp/s32ds_arm_v2018.r1/cross_tools/gcc-6.3-arm32-eabi/bin/../lib/gcc/arm-none-eabi/6.3.1/thumb/v7e-m/fpv4-sp/hard\libgcc.a(_aeabi_uldivmod.o)
                0x0000851c                __aeabi_uldivmod
 .text          0x0000854c      0x2e4 c:/nxp/s32ds_arm_v2018.r1/cross_tools/gcc-6.3-arm32-eabi/bin/../lib/gcc/arm-none-eabi/6.3.1/thumb/v7e-m/fpv4-sp/hard\libgcc.a(_udivmoddi4.o)
                0x0000854c                __udivmoddi4
 .text          0x00008830        0x4 c:/nxp/s32ds_arm_v2018.r1/cross_tools/gcc-6.3-arm32-eabi/bin/../lib/gcc/arm-none-eabi/6.3.1/thumb/v7e-m/fpv4-sp/hard\libgcc.a(_dvmd_tls.o)
                0x00008830                __aeabi_idiv0
                0x00008830                __aeabi_ldiv0
 *(.text*)
 .text._ZNSt9exceptionC2Ev
                0x00008834       0x20 ./src/main.o
                0x00008834                std::exception::exception()
                0x00008834                std::exception::exception()
 .text._ZNSt9bad_allocC2Ev
                0x00008854       0x24 ./src/main.o
                0x00008854                std::bad_alloc::bad_alloc()
                0x00008854                std::bad_alloc::bad_alloc()
 .text._ZnwjPv  0x00008878       0x18 ./src/main.o
                0x00008878                operator new(unsigned int, void*)
 .text._ZdlPvS_
                0x00008890       0x16 ./src/main.o
                0x00008890                operator delete(void*, void*)
 .text._ZN9libuavcanntERKNS_6ResultE
                0x000088a6       0x22 ./src/main.o
                0x000088a6                libuavcan::operator!(libuavcan::Result const&)
 .text._ZN9libuavcan9isSuccessERKNS_6ResultE
                0x000088c8       0x1e ./src/main.o
                0x000088c8                libuavcan::isSuccess(libuavcan::Result const&)
 .text._ZStanSt12memory_orderSt23__memory_order_modifier
                0x000088e6       0x26 ./src/main.o
                0x000088e6                std::operator&(std::memory_order, std::__memory_order_modifier)
 .text._ZSt16__deque_buf_sizej
                0x0000890c       0x2a ./src/main.o
                0x0000890c                std::__deque_buf_size(unsigned int)
 *fill*         0x00008936        0x2 
 .text._ZN9libuavcan5media19flagPollTimeout_SetERVmm
                0x00008938       0x84 ./src/main.o
                0x00008938                libuavcan::media::flagPollTimeout_Set(unsigned long volatile&, unsigned long)
 .text._ZN9libuavcan5media21flagPollTimeout_ClearERVmm
                0x000089bc       0x84 ./src/main.o
                0x000089bc                libuavcan::media::flagPollTimeout_Clear(unsigned long volatile&, unsigned long)
 .text._ZNK9libuavcan5media19S32K_InterfaceGroup17getInterfaceCountEv
                0x00008a40       0x16 ./src/main.o
                0x00008a40                libuavcan::media::S32K_InterfaceGroup::getInterfaceCount() const
 *fill*         0x00008a56        0x2 
 .text._ZN9libuavcan5media19S32K_InterfaceGroup5writeEjRA1_KNS0_3CAN5FrameILt64ELh0EEEjRj
                0x00008a58      0x38c ./src/main.o
                0x00008a58                libuavcan::media::S32K_InterfaceGroup::write(unsigned int, libuavcan::media::CAN::Frame<(unsigned short)64, (unsigned char)0> const (&) [1], unsigned int, unsigned int&)
 .text._ZN9libuavcan5media19S32K_InterfaceGroup4readEjRA1_NS0_3CAN5FrameILt64ELh0EEERj
                0x00008de4       0xa0 ./src/main.o
                0x00008de4                libuavcan::media::S32K_InterfaceGroup::read(unsigned int, libuavcan::media::CAN::Frame<(unsigned short)64, (unsigned char)0> (&) [1], unsigned int&)
 .text._ZN9libuavcan5media19S32K_InterfaceGroup18reconfigureFiltersEPKNS0_3CAN5FrameILt64ELh0EE6FilterEj
                0x00008e84      0x16c ./src/main.o
                0x00008e84                libuavcan::media::S32K_InterfaceGroup::reconfigureFilters(libuavcan::media::CAN::Frame<(unsigned short)64, (unsigned char)0>::Filter const*, unsigned int)
 .text._ZN9libuavcan5media19S32K_InterfaceGroup6selectENS_8duration9MonotonicEb
                0x00008ff0      0x194 ./src/main.o
                0x00008ff0                libuavcan::media::S32K_InterfaceGroup::select(libuavcan::duration::Monotonic, bool)
 .text._ZN9libuavcan5media21S32K_InterfaceManager19startInterfaceGroupEPKNS0_3CAN5FrameILt64ELh0EE6FilterEjRPNS0_19S32K_InterfaceGroupE
                0x00009184      0x440 ./src/main.o
                0x00009184                libuavcan::media::S32K_InterfaceManager::startInterfaceGroup(libuavcan::media::CAN::Frame<(unsigned short)64, (unsigned char)0>::Filter const*, unsigned int, libuavcan::media::S32K_InterfaceGroup*&)
 .text._ZN9libuavcan5media21S32K_InterfaceManager18stopInterfaceGroupERPNS0_19S32K_InterfaceGroupE
                0x000095c4       0xa8 ./src/main.o
                0x000095c4                libuavcan::media::S32K_InterfaceManager::stopInterfaceGroup(libuavcan::media::S32K_InterfaceGroup*&)
 .text._ZNK9libuavcan5media21S32K_InterfaceManager18getMaxFrameFiltersEv
                0x0000966c       0x16 ./src/main.o
                0x0000966c                libuavcan::media::S32K_InterfaceManager::getMaxFrameFilters() const
 .text._ZN9libuavcan4time9MonotonicD2Ev
                0x00009682       0x1a ./src/main.o
                0x00009682                libuavcan::time::Monotonic::~Monotonic()
                0x00009682                libuavcan::time::Monotonic::~Monotonic()
 .text._ZN9libuavcan4time9MonotonicC2ERKS1_
                0x0000969c       0x20 ./src/main.o
                0x0000969c                libuavcan::time::Monotonic::Monotonic(libuavcan::time::Monotonic const&)
                0x0000969c                libuavcan::time::Monotonic::Monotonic(libuavcan::time::Monotonic const&)
 .text._ZN9libuavcan5media3CAN5FrameILt64ELh0EED2Ev
                0x000096bc       0x1c ./src/main.o
                0x000096bc                libuavcan::media::CAN::Frame<(unsigned short)64, (unsigned char)0>::~Frame()
                0x000096bc                libuavcan::media::CAN::Frame<(unsigned short)64, (unsigned char)0>::~Frame()
 .text._ZN9libuavcan5media21S32K_InterfaceManager18S32K_libuavcan_ISREh
                0x000096d8      0x30c ./src/main.o
                0x000096d8                libuavcan::media::S32K_InterfaceManager::S32K_libuavcan_ISR(unsigned char)
 .text.CAN0_ORed_0_15_MB_IRQHandler
                0x000099e4        0xe ./src/main.o
                0x000099e4                CAN0_ORed_0_15_MB_IRQHandler
 .text._Z17payload_bounceADDPh
                0x000099f2      0x104 ./src/main.o
                0x000099f2                payload_bounceADD(unsigned char*)
 *fill*         0x00009af6        0x2 
 .text._Z13greenLED_initv
                0x00009af8       0x6c ./src/main.o
                0x00009af8                greenLED_init()
 .text._ZN9libuavcan5media16InterfaceManagerINS0_19S32K_InterfaceGroupEPS2_ED2Ev
                0x00009b64       0x20 ./src/main.o
                0x00009b64                libuavcan::media::InterfaceManager<libuavcan::media::S32K_InterfaceGroup, libuavcan::media::S32K_InterfaceGroup*>::~InterfaceManager()
                0x00009b64                libuavcan::media::InterfaceManager<libuavcan::media::S32K_InterfaceGroup, libuavcan::media::S32K_InterfaceGroup*>::~InterfaceManager()
 .text._ZN9libuavcan5media16InterfaceManagerINS0_19S32K_InterfaceGroupEPS2_ED0Ev
                0x00009b84       0x20 ./src/main.o
                0x00009b84                libuavcan::media::InterfaceManager<libuavcan::media::S32K_InterfaceGroup, libuavcan::media::S32K_InterfaceGroup*>::~InterfaceManager()
 .text._ZN9libuavcan5media14InterfaceGroupINS0_3CAN5FrameILt64ELh0EEELj1ELj1EED2Ev
                0x00009ba4       0x20 ./src/main.o
                0x00009ba4                libuavcan::media::InterfaceGroup<libuavcan::media::CAN::Frame<(unsigned short)64, (unsigned char)0>, 1u, 1u>::~InterfaceGroup()
                0x00009ba4                libuavcan::media::InterfaceGroup<libuavcan::media::CAN::Frame<(unsigned short)64, (unsigned char)0>, 1u, 1u>::~InterfaceGroup()
 .text._ZN9libuavcan5media14InterfaceGroupINS0_3CAN5FrameILt64ELh0EEELj1ELj1EED0Ev
                0x00009bc4       0x20 ./src/main.o
                0x00009bc4                libuavcan::media::InterfaceGroup<libuavcan::media::CAN::Frame<(unsigned short)64, (unsigned char)0>, 1u, 1u>::~InterfaceGroup()
 .text.main     0x00009be4      0x1d4 ./src/main.o
                0x00009be4                main
 .text._ZNSt5dequeIN9libuavcan5media3CAN5FrameILt64ELh0EEENS0_8platform6memory13PoolAllocatorILj40ELh80EhNS6_16StaticMemoryPoolILj40ELh80EEEEEEC2Ev
                0x00009db8       0x1a ./src/main.o
                0x00009db8                std::deque<libuavcan::media::CAN::Frame<(unsigned short)64, (unsigned char)0>, libuavcan::platform::memory::PoolAllocator<40u, (unsigned char)80, unsigned char, libuavcan::platform::memory::StaticMemoryPool<40u, (unsigned char)80> > >::deque()
                0x00009db8                std::deque<libuavcan::media::CAN::Frame<(unsigned short)64, (unsigned char)0>, libuavcan::platform::memory::PoolAllocator<40u, (unsigned char)80, unsigned char, libuavcan::platform::memory::StaticMemoryPool<40u, (unsigned char)80> > >::deque()
 .text._ZNSt5dequeIN9libuavcan5media3CAN5FrameILt64ELh0EEENS0_8platform6memory13PoolAllocatorILj40ELh80EhNS6_16StaticMemoryPoolILj40ELh80EEEEEED2Ev
                0x00009dd2       0x4a ./src/main.o
                0x00009dd2                std::deque<libuavcan::media::CAN::Frame<(unsigned short)64, (unsigned char)0>, libuavcan::platform::memory::PoolAllocator<40u, (unsigned char)80, unsigned char, libuavcan::platform::memory::StaticMemoryPool<40u, (unsigned char)80> > >::~deque()
                0x00009dd2                std::deque<libuavcan::media::CAN::Frame<(unsigned short)64, (unsigned char)0>, libuavcan::platform::memory::PoolAllocator<40u, (unsigned char)80, unsigned char, libuavcan::platform::memory::StaticMemoryPool<40u, (unsigned char)80> > >::~deque()
 .text._ZNK9libuavcan5media3CAN5FrameILt64ELh0EE13getDataLengthEv
                0x00009e1c       0x1c ./src/main.o
                0x00009e1c                libuavcan::media::CAN::Frame<(unsigned short)64, (unsigned char)0>::getDataLength() const
 .text._ZNK9libuavcan5media3CAN5FrameILt64ELh0EE6getDLCEv
                0x00009e38       0x18 ./src/main.o
                0x00009e38                libuavcan::media::CAN::Frame<(unsigned short)64, (unsigned char)0>::getDLC() const
 .text._ZNKSt5dequeIN9libuavcan5media3CAN5FrameILt64ELh0EEENS0_8platform6memory13PoolAllocatorILj40ELh80EhNS6_16StaticMemoryPoolILj40ELh80EEEEEE5emptyEv
                0x00009e50       0x24 ./src/main.o
                0x00009e50                std::deque<libuavcan::media::CAN::Frame<(unsigned short)64, (unsigned char)0>, libuavcan::platform::memory::PoolAllocator<40u, (unsigned char)80, unsigned char, libuavcan::platform::memory::StaticMemoryPool<40u, (unsigned char)80> > >::empty() const
 .text._ZNSt5dequeIN9libuavcan5media3CAN5FrameILt64ELh0EEENS0_8platform6memory13PoolAllocatorILj40ELh80EhNS6_16StaticMemoryPoolILj40ELh80EEEEEE5frontEv
                0x00009e74       0x28 ./src/main.o
                0x00009e74                std::deque<libuavcan::media::CAN::Frame<(unsigned short)64, (unsigned char)0>, libuavcan::platform::memory::PoolAllocator<40u, (unsigned char)80, unsigned char, libuavcan::platform::memory::StaticMemoryPool<40u, (unsigned char)80> > >::front()
 .text._ZN9libuavcan4time9MonotonicaSERKS1_
                0x00009e9c       0x20 ./src/main.o
                0x00009e9c                libuavcan::time::Monotonic::operator=(libuavcan::time::Monotonic const&)
 .text._ZN9libuavcan5media3CAN5FrameILt64ELh0EEaSERKS3_
                0x00009ebc       0x54 ./src/main.o
                0x00009ebc                libuavcan::media::CAN::Frame<(unsigned short)64, (unsigned char)0>::operator=(libuavcan::media::CAN::Frame<(unsigned short)64, (unsigned char)0> const&)
 .text._ZNSt5dequeIN9libuavcan5media3CAN5FrameILt64ELh0EEENS0_8platform6memory13PoolAllocatorILj40ELh80EhNS6_16StaticMemoryPoolILj40ELh80EEEEEE9pop_frontEv
                0x00009f10       0x40 ./src/main.o
                0x00009f10                std::deque<libuavcan::media::CAN::Frame<(unsigned short)64, (unsigned char)0>, libuavcan::platform::memory::PoolAllocator<40u, (unsigned char)80, unsigned char, libuavcan::platform::memory::StaticMemoryPool<40u, (unsigned char)80> > >::pop_front()
 .text._ZNK9libuavcan8duration4BaseINS0_9MonotonicExE13toMicrosecondEv
                0x00009f50       0x1a ./src/main.o
                0x00009f50                libuavcan::duration::Base<libuavcan::duration::Monotonic, long long>::toMicrosecond() const
 .text._ZN9libuavcan4time9MonotonicC2Ev
                0x00009f6a       0x1a ./src/main.o
                0x00009f6a                libuavcan::time::Monotonic::Monotonic()
                0x00009f6a                libuavcan::time::Monotonic::Monotonic()
 .text._ZN9libuavcan4time4BaseINS0_9MonotonicENS_8duration9MonotonicEyE15fromMicrosecondEy
                0x00009f84       0x26 ./src/main.o
                0x00009f84                libuavcan::time::Base<libuavcan::time::Monotonic, libuavcan::duration::Monotonic, unsigned long long>::fromMicrosecond(unsigned long long)
 .text._ZN9libuavcan4time4BaseINS0_9MonotonicENS_8duration9MonotonicEyED2Ev
                0x00009faa       0x16 ./src/main.o
                0x00009faa                libuavcan::time::Base<libuavcan::time::Monotonic, libuavcan::duration::Monotonic, unsigned long long>::~Base()
                0x00009faa                libuavcan::time::Base<libuavcan::time::Monotonic, libuavcan::duration::Monotonic, unsigned long long>::~Base()
 .text._ZNKSt5dequeIN9libuavcan5media3CAN5FrameILt64ELh0EEENS0_8platform6memory13PoolAllocatorILj40ELh80EhNS6_16StaticMemoryPoolILj40ELh80EEEEEE4sizeEv
                0x00009fc0       0x24 ./src/main.o
                0x00009fc0                std::deque<libuavcan::media::CAN::Frame<(unsigned short)64, (unsigned char)0>, libuavcan::platform::memory::PoolAllocator<40u, (unsigned char)80, unsigned char, libuavcan::platform::memory::StaticMemoryPool<40u, (unsigned char)80> > >::size() const
 .text._ZN9libuavcan5media3CAN5FrameILt64ELh0EE11dlcToLengthENS1_8FrameDLCE
                0x00009fe4       0x3c ./src/main.o
                0x00009fe4                libuavcan::media::CAN::Frame<(unsigned short)64, (unsigned char)0>::dlcToLength(libuavcan::media::CAN::FrameDLC)
 .text._ZN9libuavcan4time4BaseINS0_9MonotonicENS_8duration9MonotonicEyEC2ERKS5_
                0x0000a020       0x22 ./src/main.o
                0x0000a020                libuavcan::time::Base<libuavcan::time::Monotonic, libuavcan::duration::Monotonic, unsigned long long>::Base(libuavcan::time::Base<libuavcan::time::Monotonic, libuavcan::duration::Monotonic, unsigned long long> const&)
                0x0000a020                libuavcan::time::Base<libuavcan::time::Monotonic, libuavcan::duration::Monotonic, unsigned long long>::Base(libuavcan::time::Base<libuavcan::time::Monotonic, libuavcan::duration::Monotonic, unsigned long long> const&)
 .text._ZN9libuavcan5media3CAN5FrameILt64ELh0EEC2EmPKhNS1_8FrameDLCENS_4time9MonotonicE
                0x0000a042       0x7e ./src/main.o
                0x0000a042                libuavcan::media::CAN::Frame<(unsigned short)64, (unsigned char)0>::Frame(unsigned long, unsigned char const*, libuavcan::media::CAN::FrameDLC, libuavcan::time::Monotonic)
                0x0000a042                libuavcan::media::CAN::Frame<(unsigned short)64, (unsigned char)0>::Frame(unsigned long, unsigned char const*, libuavcan::media::CAN::FrameDLC, libuavcan::time::Monotonic)
 .text._ZSt7forwardIRKN9libuavcan5media3CAN5FrameILt64ELh0EEEEOT_RNSt16remove_referenceIS7_E4typeE
                0x0000a0c0       0x16 ./src/main.o
                0x0000a0c0                libuavcan::media::CAN::Frame<(unsigned short)64, (unsigned char)0> const& std::forward<libuavcan::media::CAN::Frame<(unsigned short)64, (unsigned char)0> const&>(std::remove_reference<libuavcan::media::CAN::Frame<(unsigned short)64, (unsigned char)0> const&>::type&)
 .text._ZNSt5dequeIN9libuavcan5media3CAN5FrameILt64ELh0EEENS0_8platform6memory13PoolAllocatorILj40ELh80EhNS6_16StaticMemoryPoolILj40ELh80EEEEEE9push_backERKS4_
                0x0000a0d6       0x44 ./src/main.o
                0x0000a0d6                std::deque<libuavcan::media::CAN::Frame<(unsigned short)64, (unsigned char)0>, libuavcan::platform::memory::PoolAllocator<40u, (unsigned char)80, unsigned char, libuavcan::platform::memory::StaticMemoryPool<40u, (unsigned char)80> > >::push_back(libuavcan::media::CAN::Frame<(unsigned short)64, (unsigned char)0> const&)
 *fill*         0x0000a11a        0x2 
 .text._ZN9libuavcan5media3CAN5FrameILt64ELh0EE11lengthToDlcEj
                0x0000a11c       0x40 ./src/main.o
                0x0000a11c                libuavcan::media::CAN::Frame<(unsigned short)64, (unsigned char)0>::lengthToDlc(unsigned int)
 .text._ZSt4fillIPhiEvT_S1_RKT0_
                0x0000a15c       0x2e ./src/main.o
                0x0000a15c                void std::fill<unsigned char*, int>(unsigned char*, unsigned char*, int const&)
 .text._ZN9libuavcan5media3CAN5FrameILt64ELh0EEC2EmPKhNS1_8FrameDLCE
                0x0000a18a       0x56 ./src/main.o
                0x0000a18a                libuavcan::media::CAN::Frame<(unsigned short)64, (unsigned char)0>::Frame(unsigned long, unsigned char const*, libuavcan::media::CAN::FrameDLC)
                0x0000a18a                libuavcan::media::CAN::Frame<(unsigned short)64, (unsigned char)0>::Frame(unsigned long, unsigned char const*, libuavcan::media::CAN::FrameDLC)
 .text._ZN9libuavcan5media3CAN5FrameILt64ELh0EEC2ERKS3_
                0x0000a1e0       0x72 ./src/main.o
                0x0000a1e0                libuavcan::media::CAN::Frame<(unsigned short)64, (unsigned char)0>::Frame(libuavcan::media::CAN::Frame<(unsigned short)64, (unsigned char)0> const&)
                0x0000a1e0                libuavcan::media::CAN::Frame<(unsigned short)64, (unsigned char)0>::Frame(libuavcan::media::CAN::Frame<(unsigned short)64, (unsigned char)0> const&)
 .text._ZN9libuavcan5media3CAN5FrameILt64ELh0EE6FilterC2Emm
                0x0000a252       0x26 ./src/main.o
                0x0000a252                libuavcan::media::CAN::Frame<(unsigned short)64, (unsigned char)0>::Filter::Filter(unsigned long, unsigned long)
                0x0000a252                libuavcan::media::CAN::Frame<(unsigned short)64, (unsigned char)0>::Filter::Filter(unsigned long, unsigned long)
 .text._ZNSt11_Deque_baseIN9libuavcan5media3CAN5FrameILt64ELh0EEENS0_8platform6memory13PoolAllocatorILj40ELh80EhNS6_16StaticMemoryPoolILj40ELh80EEEEEEC2Ev
                0x0000a278       0x22 ./src/main.o
                0x0000a278                std::_Deque_base<libuavcan::media::CAN::Frame<(unsigned short)64, (unsigned char)0>, libuavcan::platform::memory::PoolAllocator<40u, (unsigned char)80, unsigned char, libuavcan::platform::memory::StaticMemoryPool<40u, (unsigned char)80> > >::_Deque_base()
                0x0000a278                std::_Deque_base<libuavcan::media::CAN::Frame<(unsigned short)64, (unsigned char)0>, libuavcan::platform::memory::PoolAllocator<40u, (unsigned char)80, unsigned char, libuavcan::platform::memory::StaticMemoryPool<40u, (unsigned char)80> > >::_Deque_base()
 .text._ZNSt11_Deque_baseIN9libuavcan5media3CAN5FrameILt64ELh0EEENS0_8platform6memory13PoolAllocatorILj40ELh80EhNS6_16StaticMemoryPoolILj40ELh80EEEEEED2Ev
                0x0000a29a       0x3c ./src/main.o
                0x0000a29a                std::_Deque_base<libuavcan::media::CAN::Frame<(unsigned short)64, (unsigned char)0>, libuavcan::platform::memory::PoolAllocator<40u, (unsigned char)80, unsigned char, libuavcan::platform::memory::StaticMemoryPool<40u, (unsigned char)80> > >::~_Deque_base()
                0x0000a29a                std::_Deque_base<libuavcan::media::CAN::Frame<(unsigned short)64, (unsigned char)0>, libuavcan::platform::memory::PoolAllocator<40u, (unsigned char)80, unsigned char, libuavcan::platform::memory::StaticMemoryPool<40u, (unsigned char)80> > >::~_Deque_base()
 .text._ZNSt5dequeIN9libuavcan5media3CAN5FrameILt64ELh0EEENS0_8platform6memory13PoolAllocatorILj40ELh80EhNS6_16StaticMemoryPoolILj40ELh80EEEEEE5beginEv
                0x0000a2d6       0x1e ./src/main.o
                0x0000a2d6                std::deque<libuavcan::media::CAN::Frame<(unsigned short)64, (unsigned char)0>, libuavcan::platform::memory::PoolAllocator<40u, (unsigned char)80, unsigned char, libuavcan::platform::memory::StaticMemoryPool<40u, (unsigned char)80> > >::begin()
 .text._ZNSt5dequeIN9libuavcan5media3CAN5FrameILt64ELh0EEENS0_8platform6memory13PoolAllocatorILj40ELh80EhNS6_16StaticMemoryPoolILj40ELh80EEEEEE3endEv
                0x0000a2f4       0x1e ./src/main.o
                0x0000a2f4                std::deque<libuavcan::media::CAN::Frame<(unsigned short)64, (unsigned char)0>, libuavcan::platform::memory::PoolAllocator<40u, (unsigned char)80, unsigned char, libuavcan::platform::memory::StaticMemoryPool<40u, (unsigned char)80> > >::end()
 .text._ZNSt11_Deque_baseIN9libuavcan5media3CAN5FrameILt64ELh0EEENS0_8platform6memory13PoolAllocatorILj40ELh80EhNS6_16StaticMemoryPoolILj40ELh80EEEEEE19_M_get_Tp_allocatorEv
                0x0000a312       0x16 ./src/main.o
                0x0000a312                std::_Deque_base<libuavcan::media::CAN::Frame<(unsigned short)64, (unsigned char)0>, libuavcan::platform::memory::PoolAllocator<40u, (unsigned char)80, unsigned char, libuavcan::platform::memory::StaticMemoryPool<40u, (unsigned char)80> > >::_M_get_Tp_allocator()
 .text._ZNSt15_Deque_iteratorIN9libuavcan5media3CAN5FrameILt64ELh0EEERS4_PS4_EC2ERKS7_
                0x0000a328       0x38 ./src/main.o
                0x0000a328                std::_Deque_iterator<libuavcan::media::CAN::Frame<(unsigned short)64, (unsigned char)0>, libuavcan::media::CAN::Frame<(unsigned short)64, (unsigned char)0>&, libuavcan::media::CAN::Frame<(unsigned short)64, (unsigned char)0>*>::_Deque_iterator(std::_Deque_iterator<libuavcan::media::CAN::Frame<(unsigned short)64, (unsigned char)0>, libuavcan::media::CAN::Frame<(unsigned short)64, (unsigned char)0>&, libuavcan::media::CAN::Frame<(unsigned short)64, (unsigned char)0>*> const&)
                0x0000a328                std::_Deque_iterator<libuavcan::media::CAN::Frame<(unsigned short)64, (unsigned char)0>, libuavcan::media::CAN::Frame<(unsigned short)64, (unsigned char)0>&, libuavcan::media::CAN::Frame<(unsigned short)64, (unsigned char)0>*>::_Deque_iterator(std::_Deque_iterator<libuavcan::media::CAN::Frame<(unsigned short)64, (unsigned char)0>, libuavcan::media::CAN::Frame<(unsigned short)64, (unsigned char)0>&, libuavcan::media::CAN::Frame<(unsigned short)64, (unsigned char)0>*> const&)
 .text._ZNSt5dequeIN9libuavcan5media3CAN5FrameILt64ELh0EEENS0_8platform6memory13PoolAllocatorILj40ELh80EhNS6_16StaticMemoryPoolILj40ELh80EEEEEE15_M_destroy_dataINS7_ILj40ELh80ES4_S9_EEEEvSt15_Deque_iteratorIS4_RS4_PS4_ESH_RKT_
                0x0000a360       0x3e ./src/main.o
                0x0000a360                void std::deque<libuavcan::media::CAN::Frame<(unsigned short)64, (unsigned char)0>, libuavcan::platform::memory::PoolAllocator<40u, (unsigned char)80, unsigned char, libuavcan::platform::memory::StaticMemoryPool<40u, (unsigned char)80> > >::_M_destroy_data<libuavcan::platform::memory::PoolAllocator<40u, (unsigned char)80, libuavcan::media::CAN::Frame<(unsigned short)64, (unsigned char)0>, libuavcan::platform::memory::StaticMemoryPool<40u, (unsigned char)80> > >(std::_Deque_iterator<libuavcan::media::CAN::Frame<(unsigned short)64, (unsigned char)0>, libuavcan::media::CAN::Frame<(unsigned short)64, (unsigned char)0>&, libuavcan::media::CAN::Frame<(unsigned short)64, (unsigned char)0>*>, std::_Deque_iterator<libuavcan::media::CAN::Frame<(unsigned short)64, (unsigned char)0>, libuavcan::media::CAN::Frame<(unsigned short)64, (unsigned char)0>&, libuavcan::media::CAN::Frame<(unsigned short)64, (unsigned char)0>*>, libuavcan::platform::memory::PoolAllocator<40u, (unsigned char)80, libuavcan::media::CAN::Frame<(unsigned short)64, (unsigned char)0>, libuavcan::platform::memory::StaticMemoryPool<40u, (unsigned char)80> > const&)
 .text._ZSteqIN9libuavcan5media3CAN5FrameILt64ELh0EEERS4_PS4_EbRKSt15_Deque_iteratorIT_T0_T1_ESD_
                0x0000a39e       0x28 ./src/main.o
                0x0000a39e                bool std::operator==<libuavcan::media::CAN::Frame<(unsigned short)64, (unsigned char)0>, libuavcan::media::CAN::Frame<(unsigned short)64, (unsigned char)0>&, libuavcan::media::CAN::Frame<(unsigned short)64, (unsigned char)0>*>(std::_Deque_iterator<libuavcan::media::CAN::Frame<(unsigned short)64, (unsigned char)0>, libuavcan::media::CAN::Frame<(unsigned short)64, (unsigned char)0>&, libuavcan::media::CAN::Frame<(unsigned short)64, (unsigned char)0>*> const&, std::_Deque_iterator<libuavcan::media::CAN::Frame<(unsigned short)64, (unsigned char)0>, libuavcan::media::CAN::Frame<(unsigned short)64, (unsigned char)0>&, libuavcan::media::CAN::Frame<(unsigned short)64, (unsigned char)0>*> const&)
 .text._ZNKSt15_Deque_iteratorIN9libuavcan5media3CAN5FrameILt64ELh0EEERS4_PS4_EdeEv
                0x0000a3c6       0x18 ./src/main.o
                0x0000a3c6                std::_Deque_iterator<libuavcan::media::CAN::Frame<(unsigned short)64, (unsigned char)0>, libuavcan::media::CAN::Frame<(unsigned short)64, (unsigned char)0>&, libuavcan::media::CAN::Frame<(unsigned short)64, (unsigned char)0>*>::operator*() const
 .text._ZN9libuavcan4time4BaseINS0_9MonotonicENS_8duration9MonotonicEyEaSERKS5_
                0x0000a3de       0x22 ./src/main.o
                0x0000a3de                libuavcan::time::Base<libuavcan::time::Monotonic, libuavcan::duration::Monotonic, unsigned long long>::operator=(libuavcan::time::Base<libuavcan::time::Monotonic, libuavcan::duration::Monotonic, unsigned long long> const&)
 .text._ZSt4copyIPKhPhET0_T_S4_S3_
                0x0000a400       0x30 ./src/main.o
                0x0000a400                unsigned char* std::copy<unsigned char const*, unsigned char*>(unsigned char const*, unsigned char const*, unsigned char*)
 .text._ZNSt16allocator_traitsIN9libuavcan8platform6memory13PoolAllocatorILj40ELh80ENS0_5media3CAN5FrameILt64ELh0EEENS2_16StaticMemoryPoolILj40ELh80EEEEEE7destroyIS7_EEvRSA_PT_
                0x0000a430       0x1c ./src/main.o
                0x0000a430                void std::allocator_traits<libuavcan::platform::memory::PoolAllocator<40u, (unsigned char)80, libuavcan::media::CAN::Frame<(unsigned short)64, (unsigned char)0>, libuavcan::platform::memory::StaticMemoryPool<40u, (unsigned char)80> > >::destroy<libuavcan::media::CAN::Frame<(unsigned short)64, (unsigned char)0> >(libuavcan::platform::memory::PoolAllocator<40u, (unsigned char)80, libuavcan::media::CAN::Frame<(unsigned short)64, (unsigned char)0>, libuavcan::platform::memory::StaticMemoryPool<40u, (unsigned char)80> >&, libuavcan::media::CAN::Frame<(unsigned short)64, (unsigned char)0>*)
 .text._ZNSt5dequeIN9libuavcan5media3CAN5FrameILt64ELh0EEENS0_8platform6memory13PoolAllocatorILj40ELh80EhNS6_16StaticMemoryPoolILj40ELh80EEEEEE16_M_pop_front_auxEv
                0x0000a44c       0x50 ./src/main.o
                0x0000a44c                std::deque<libuavcan::media::CAN::Frame<(unsigned short)64, (unsigned char)0>, libuavcan::platform::memory::PoolAllocator<40u, (unsigned char)80, unsigned char, libuavcan::platform::memory::StaticMemoryPool<40u, (unsigned char)80> > >::_M_pop_front_aux()
 .text._ZN9libuavcan4time4BaseINS0_9MonotonicENS_8duration9MonotonicEyEC2Ev
                0x0000a49c       0x22 ./src/main.o
                0x0000a49c                libuavcan::time::Base<libuavcan::time::Monotonic, libuavcan::duration::Monotonic, unsigned long long>::Base()
                0x0000a49c                libuavcan::time::Base<libuavcan::time::Monotonic, libuavcan::duration::Monotonic, unsigned long long>::Base()
 *fill*         0x0000a4be        0x2 
 .text._ZStmiIN9libuavcan5media3CAN5FrameILt64ELh0EEERS4_PS4_ENSt15_Deque_iteratorIT_T0_T1_E15difference_typeERKSB_SE_
                0x0000a4c0       0x60 ./src/main.o
                0x0000a4c0                std::_Deque_iterator<libuavcan::media::CAN::Frame<(unsigned short)64, (unsigned char)0>, libuavcan::media::CAN::Frame<(unsigned short)64, (unsigned char)0>&, libuavcan::media::CAN::Frame<(unsigned short)64, (unsigned char)0>*>::difference_type std::operator-<libuavcan::media::CAN::Frame<(unsigned short)64, (unsigned char)0>, libuavcan::media::CAN::Frame<(unsigned short)64, (unsigned char)0>&, libuavcan::media::CAN::Frame<(unsigned short)64, (unsigned char)0>*>(std::_Deque_iterator<libuavcan::media::CAN::Frame<(unsigned short)64, (unsigned char)0>, libuavcan::media::CAN::Frame<(unsigned short)64, (unsigned char)0>&, libuavcan::media::CAN::Frame<(unsigned short)64, (unsigned char)0>*> const&, std::_Deque_iterator<libuavcan::media::CAN::Frame<(unsigned short)64, (unsigned char)0>, libuavcan::media::CAN::Frame<(unsigned short)64, (unsigned char)0>&, libuavcan::media::CAN::Frame<(unsigned short)64, (unsigned char)0>*> const&)
 .text._ZNSt16allocator_traitsIN9libuavcan8platform6memory13PoolAllocatorILj40ELh80ENS0_5media3CAN5FrameILt64ELh0EEENS2_16StaticMemoryPoolILj40ELh80EEEEEE9constructIS7_JRKS7_EEEDTcl12_S_constructfp_fp0_spcl7forwardIT0_Efp1_EEERSA_PT_DpOSF_
                0x0000a520       0x26 ./src/main.o
                0x0000a520                decltype (_S_construct({parm#1}, {parm#2}, (forward<libuavcan::media::CAN::Frame<(unsigned short)64, (unsigned char)0> const&>)({parm#3}))) std::allocator_traits<libuavcan::platform::memory::PoolAllocator<40u, (unsigned char)80, libuavcan::media::CAN::Frame<(unsigned short)64, (unsigned char)0>, libuavcan::platform::memory::StaticMemoryPool<40u, (unsigned char)80> > >::construct<libuavcan::media::CAN::Frame<(unsigned short)64, (unsigned char)0>, libuavcan::media::CAN::Frame<(unsigned short)64, (unsigned char)0> const&>(libuavcan::platform::memory::PoolAllocator<40u, (unsigned char)80, libuavcan::media::CAN::Frame<(unsigned short)64, (unsigned char)0>, libuavcan::platform::memory::StaticMemoryPool<40u, (unsigned char)80> >&, libuavcan::media::CAN::Frame<(unsigned short)64, (unsigned char)0>*, libuavcan::media::CAN::Frame<(unsigned short)64, (unsigned char)0> const&)
 .text._ZNSt5dequeIN9libuavcan5media3CAN5FrameILt64ELh0EEENS0_8platform6memory13PoolAllocatorILj40ELh80EhNS6_16StaticMemoryPoolILj40ELh80EEEEEE16_M_push_back_auxIJRKS4_EEEvDpOT_
                0x0000a546       0x86 ./src/main.o
                0x0000a546                void std::deque<libuavcan::media::CAN::Frame<(unsigned short)64, (unsigned char)0>, libuavcan::platform::memory::PoolAllocator<40u, (unsigned char)80, unsigned char, libuavcan::platform::memory::StaticMemoryPool<40u, (unsigned char)80> > >::_M_push_back_aux<libuavcan::media::CAN::Frame<(unsigned short)64, (unsigned char)0> const&>(libuavcan::media::CAN::Frame<(unsigned short)64, (unsigned char)0> const&)
 .text._ZSt12__niter_baseIPhET_S1_
                0x0000a5cc       0x16 ./src/main.o
                0x0000a5cc                unsigned char* std::__niter_base<unsigned char*>(unsigned char*)
 .text._ZSt8__fill_aIPhiEN9__gnu_cxx11__enable_ifIXsrSt11__is_scalarIT0_E7__valueEvE6__typeET_S8_RKS4_
                0x0000a5e2       0x36 ./src/main.o
                0x0000a5e2                __gnu_cxx::__enable_if<std::__is_scalar<int>::__value, void>::__type std::__fill_a<unsigned char*, int>(unsigned char*, unsigned char*, int const&)
 .text._ZNSt11_Deque_baseIN9libuavcan5media3CAN5FrameILt64ELh0EEENS0_8platform6memory13PoolAllocatorILj40ELh80EhNS6_16StaticMemoryPoolILj40ELh80EEEEEE11_Deque_implC2Ev
                0x0000a618       0x3a ./src/main.o
                0x0000a618                std::_Deque_base<libuavcan::media::CAN::Frame<(unsigned short)64, (unsigned char)0>, libuavcan::platform::memory::PoolAllocator<40u, (unsigned char)80, unsigned char, libuavcan::platform::memory::StaticMemoryPool<40u, (unsigned char)80> > >::_Deque_impl::_Deque_impl()
                0x0000a618                std::_Deque_base<libuavcan::media::CAN::Frame<(unsigned short)64, (unsigned char)0>, libuavcan::platform::memory::PoolAllocator<40u, (unsigned char)80, unsigned char, libuavcan::platform::memory::StaticMemoryPool<40u, (unsigned char)80> > >::_Deque_impl::_Deque_impl()
 .text._ZSt3maxIjERKT_S2_S2_
                0x0000a652       0x28 ./src/main.o
                0x0000a652                unsigned int const& std::max<unsigned int>(unsigned int const&, unsigned int const&)
 .text._ZNSt11_Deque_baseIN9libuavcan5media3CAN5FrameILt64ELh0EEENS0_8platform6memory13PoolAllocatorILj40ELh80EhNS6_16StaticMemoryPoolILj40ELh80EEEEEE17_M_initialize_mapEj
                0x0000a67a       0xfc ./src/main.o
                0x0000a67a                std::_Deque_base<libuavcan::media::CAN::Frame<(unsigned short)64, (unsigned char)0>, libuavcan::platform::memory::PoolAllocator<40u, (unsigned char)80, unsigned char, libuavcan::platform::memory::StaticMemoryPool<40u, (unsigned char)80> > >::_M_initialize_map(unsigned int)
 .text._ZNSt11_Deque_baseIN9libuavcan5media3CAN5FrameILt64ELh0EEENS0_8platform6memory13PoolAllocatorILj40ELh80EhNS6_16StaticMemoryPoolILj40ELh80EEEEEE16_M_destroy_nodesEPPS4_SD_
                0x0000a776       0x34 ./src/main.o
                0x0000a776                std::_Deque_base<libuavcan::media::CAN::Frame<(unsigned short)64, (unsigned char)0>, libuavcan::platform::memory::PoolAllocator<40u, (unsigned char)80, unsigned char, libuavcan::platform::memory::StaticMemoryPool<40u, (unsigned char)80> > >::_M_destroy_nodes(libuavcan::media::CAN::Frame<(unsigned short)64, (unsigned char)0>**, libuavcan::media::CAN::Frame<(unsigned short)64, (unsigned char)0>**)
 .text._ZNSt11_Deque_baseIN9libuavcan5media3CAN5FrameILt64ELh0EEENS0_8platform6memory13PoolAllocatorILj40ELh80EhNS6_16StaticMemoryPoolILj40ELh80EEEEEE17_M_deallocate_mapEPPS4_j
                0x0000a7aa       0x3e ./src/main.o
                0x0000a7aa                std::_Deque_base<libuavcan::media::CAN::Frame<(unsigned short)64, (unsigned char)0>, libuavcan::platform::memory::PoolAllocator<40u, (unsigned char)80, unsigned char, libuavcan::platform::memory::StaticMemoryPool<40u, (unsigned char)80> > >::_M_deallocate_map(libuavcan::media::CAN::Frame<(unsigned short)64, (unsigned char)0>**, unsigned int)
 .text._ZNSt5dequeIN9libuavcan5media3CAN5FrameILt64ELh0EEENS0_8platform6memory13PoolAllocatorILj40ELh80EhNS6_16StaticMemoryPoolILj40ELh80EEEEEE19_M_destroy_data_auxESt15_Deque_iteratorIS4_RS4_PS4_ESF_
                0x0000a7e8       0xbc ./src/main.o
                0x0000a7e8                std::deque<libuavcan::media::CAN::Frame<(unsigned short)64, (unsigned char)0>, libuavcan::platform::memory::PoolAllocator<40u, (unsigned char)80, unsigned char, libuavcan::platform::memory::StaticMemoryPool<40u, (unsigned char)80> > >::_M_destroy_data_aux(std::_Deque_iterator<libuavcan::media::CAN::Frame<(unsigned short)64, (unsigned char)0>, libuavcan::media::CAN::Frame<(unsigned short)64, (unsigned char)0>&, libuavcan::media::CAN::Frame<(unsigned short)64, (unsigned char)0>*>, std::_Deque_iterator<libuavcan::media::CAN::Frame<(unsigned short)64, (unsigned char)0>, libuavcan::media::CAN::Frame<(unsigned short)64, (unsigned char)0>&, libuavcan::media::CAN::Frame<(unsigned short)64, (unsigned char)0>*>)
 .text._ZSt12__miter_baseIPKhET_S2_
                0x0000a8a4       0x16 ./src/main.o
                0x0000a8a4                unsigned char const* std::__miter_base<unsigned char const*>(unsigned char const*)
 .text._ZSt14__copy_move_a2ILb0EPKhPhET1_T0_S4_S3_
                0x0000a8ba       0x38 ./src/main.o
                0x0000a8ba                unsigned char* std::__copy_move_a2<false, unsigned char const*, unsigned char*>(unsigned char const*, unsigned char const*, unsigned char*)
 .text._ZNSt16allocator_traitsIN9libuavcan8platform6memory13PoolAllocatorILj40ELh80ENS0_5media3CAN5FrameILt64ELh0EEENS2_16StaticMemoryPoolILj40ELh80EEEEEE10_S_destroyISA_S7_EEvRT_PT0_z
                0x0000a8f2       0x1e ./src/main.o
                0x0000a8f2                void std::allocator_traits<libuavcan::platform::memory::PoolAllocator<40u, (unsigned char)80, libuavcan::media::CAN::Frame<(unsigned short)64, (unsigned char)0>, libuavcan::platform::memory::StaticMemoryPool<40u, (unsigned char)80> > >::_S_destroy<libuavcan::platform::memory::PoolAllocator<40u, (unsigned char)80, libuavcan::media::CAN::Frame<(unsigned short)64, (unsigned char)0>, libuavcan::platform::memory::StaticMemoryPool<40u, (unsigned char)80> >, libuavcan::media::CAN::Frame<(unsigned short)64, (unsigned char)0> >(libuavcan::platform::memory::PoolAllocator<40u, (unsigned char)80, libuavcan::media::CAN::Frame<(unsigned short)64, (unsigned char)0>, libuavcan::platform::memory::StaticMemoryPool<40u, (unsigned char)80> >&, libuavcan::media::CAN::Frame<(unsigned short)64, (unsigned char)0>*, ...)
 .text._ZNSt11_Deque_baseIN9libuavcan5media3CAN5FrameILt64ELh0EEENS0_8platform6memory13PoolAllocatorILj40ELh80EhNS6_16StaticMemoryPoolILj40ELh80EEEEEE18_M_deallocate_nodeEPS4_
                0x0000a910       0x26 ./src/main.o
                0x0000a910                std::_Deque_base<libuavcan::media::CAN::Frame<(unsigned short)64, (unsigned char)0>, libuavcan::platform::memory::PoolAllocator<40u, (unsigned char)80, unsigned char, libuavcan::platform::memory::StaticMemoryPool<40u, (unsigned char)80> > >::_M_deallocate_node(libuavcan::media::CAN::Frame<(unsigned short)64, (unsigned char)0>*)
 .text._ZNSt15_Deque_iteratorIN9libuavcan5media3CAN5FrameILt64ELh0EEERS4_PS4_E11_M_set_nodeEPS6_
                0x0000a936       0x38 ./src/main.o
                0x0000a936                std::_Deque_iterator<libuavcan::media::CAN::Frame<(unsigned short)64, (unsigned char)0>, libuavcan::media::CAN::Frame<(unsigned short)64, (unsigned char)0>&, libuavcan::media::CAN::Frame<(unsigned short)64, (unsigned char)0>*>::_M_set_node(libuavcan::media::CAN::Frame<(unsigned short)64, (unsigned char)0>**)
 .text._ZNSt15_Deque_iteratorIN9libuavcan5media3CAN5FrameILt64ELh0EEERS4_PS4_E14_S_buffer_sizeEv
                0x0000a96e       0x10 ./src/main.o
                0x0000a96e                std::_Deque_iterator<libuavcan::media::CAN::Frame<(unsigned short)64, (unsigned char)0>, libuavcan::media::CAN::Frame<(unsigned short)64, (unsigned char)0>&, libuavcan::media::CAN::Frame<(unsigned short)64, (unsigned char)0>*>::_S_buffer_size()
 .text._ZNSt16allocator_traitsIN9libuavcan8platform6memory13PoolAllocatorILj40ELh80ENS0_5media3CAN5FrameILt64ELh0EEENS2_16StaticMemoryPoolILj40ELh80EEEEEE12_S_constructIS7_JRKS7_EEENSt9enable_ifIXsrSt6__and_IJSG_IJSt6__not_INSB_18__construct_helperIT_JDpT0_EE4typeEESt16is_constructibleISJ_JSL_EEEEEE5valueEvE4typeERSA_PSJ_DpOSK_
                0x0000a97e       0x42 ./src/main.o
                0x0000a97e                std::enable_if<std::__and_<std::__and_<std::__not_<std::allocator_traits<libuavcan::platform::memory::PoolAllocator<40u, (unsigned char)80, libuavcan::media::CAN::Frame<(unsigned short)64, (unsigned char)0>, libuavcan::platform::memory::StaticMemoryPool<40u, (unsigned char)80> > >::__construct_helper<libuavcan::media::CAN::Frame<(unsigned short)64, (unsigned char)0>, libuavcan::media::CAN::Frame<(unsigned short)64, (unsigned char)0> const&>::type>, std::is_constructible<libuavcan::media::CAN::Frame<(unsigned short)64, (unsigned char)0>, libuavcan::media::CAN::Frame<(unsigned short)64, (unsigned char)0> const&> > >::value, void>::type std::allocator_traits<libuavcan::platform::memory::PoolAllocator<40u, (unsigned char)80, libuavcan::media::CAN::Frame<(unsigned short)64, (unsigned char)0>, libuavcan::platform::memory::StaticMemoryPool<40u, (unsigned char)80> > >::_S_construct<libuavcan::media::CAN::Frame<(unsigned short)64, (unsigned char)0>, libuavcan::media::CAN::Frame<(unsigned short)64, (unsigned char)0> const&>(libuavcan::platform::memory::PoolAllocator<40u, (unsigned char)80, libuavcan::media::CAN::Frame<(unsigned short)64, (unsigned char)0>, libuavcan::platform::memory::StaticMemoryPool<40u, (unsigned char)80> >&, libuavcan::media::CAN::Frame<(unsigned short)64, (unsigned char)0>*, libuavcan::media::CAN::Frame<(unsigned short)64, (unsigned char)0> const&)
 .text._ZNSt5dequeIN9libuavcan5media3CAN5FrameILt64ELh0EEENS0_8platform6memory13PoolAllocatorILj40ELh80EhNS6_16StaticMemoryPoolILj40ELh80EEEEEE22_M_reserve_map_at_backEj
                0x0000a9c0       0x38 ./src/main.o
                0x0000a9c0                std::deque<libuavcan::media::CAN::Frame<(unsigned short)64, (unsigned char)0>, libuavcan::platform::memory::PoolAllocator<40u, (unsigned char)80, unsigned char, libuavcan::platform::memory::StaticMemoryPool<40u, (unsigned char)80> > >::_M_reserve_map_at_back(unsigned int)
 .text._ZNSt11_Deque_baseIN9libuavcan5media3CAN5FrameILt64ELh0EEENS0_8platform6memory13PoolAllocatorILj40ELh80EhNS6_16StaticMemoryPoolILj40ELh80EEEEEE16_M_allocate_nodeEv
                0x0000a9f8       0x24 ./src/main.o
                0x0000a9f8                std::_Deque_base<libuavcan::media::CAN::Frame<(unsigned short)64, (unsigned char)0>, libuavcan::platform::memory::PoolAllocator<40u, (unsigned char)80, unsigned char, libuavcan::platform::memory::StaticMemoryPool<40u, (unsigned char)80> > >::_M_allocate_node()
 .text._ZN9libuavcan8platform6memory13PoolAllocatorILj40ELh80ENS_5media3CAN5FrameILt64ELh0EEENS1_16StaticMemoryPoolILj40ELh80EEEEC2Ev
                0x0000aa1c       0x1c ./src/main.o
                0x0000aa1c                libuavcan::platform::memory::PoolAllocator<40u, (unsigned char)80, libuavcan::media::CAN::Frame<(unsigned short)64, (unsigned char)0>, libuavcan::platform::memory::StaticMemoryPool<40u, (unsigned char)80> >::PoolAllocator()
                0x0000aa1c                libuavcan::platform::memory::PoolAllocator<40u, (unsigned char)80, libuavcan::media::CAN::Frame<(unsigned short)64, (unsigned char)0>, libuavcan::platform::memory::StaticMemoryPool<40u, (unsigned char)80> >::PoolAllocator()
 .text._ZNSt15_Deque_iteratorIN9libuavcan5media3CAN5FrameILt64ELh0EEERS4_PS4_EC2Ev
                0x0000aa38       0x2e ./src/main.o
                0x0000aa38                std::_Deque_iterator<libuavcan::media::CAN::Frame<(unsigned short)64, (unsigned char)0>, libuavcan::media::CAN::Frame<(unsigned short)64, (unsigned char)0>&, libuavcan::media::CAN::Frame<(unsigned short)64, (unsigned char)0>*>::_Deque_iterator()
                0x0000aa38                std::_Deque_iterator<libuavcan::media::CAN::Frame<(unsigned short)64, (unsigned char)0>, libuavcan::media::CAN::Frame<(unsigned short)64, (unsigned char)0>&, libuavcan::media::CAN::Frame<(unsigned short)64, (unsigned char)0>*>::_Deque_iterator()
 .text._ZNSt11_Deque_baseIN9libuavcan5media3CAN5FrameILt64ELh0EEENS0_8platform6memory13PoolAllocatorILj40ELh80EhNS6_16StaticMemoryPoolILj40ELh80EEEEEE15_M_allocate_mapEj
                0x0000aa66       0x3c ./src/main.o
                0x0000aa66                std::_Deque_base<libuavcan::media::CAN::Frame<(unsigned short)64, (unsigned char)0>, libuavcan::platform::memory::PoolAllocator<40u, (unsigned char)80, unsigned char, libuavcan::platform::memory::StaticMemoryPool<40u, (unsigned char)80> > >::_M_allocate_map(unsigned int)
 .text._ZNSt11_Deque_baseIN9libuavcan5media3CAN5FrameILt64ELh0EEENS0_8platform6memory13PoolAllocatorILj40ELh80EhNS6_16StaticMemoryPoolILj40ELh80EEEEEE15_M_create_nodesEPPS4_SD_
                0x0000aaa2       0x52 ./src/main.o
                0x0000aaa2                std::_Deque_base<libuavcan::media::CAN::Frame<(unsigned short)64, (unsigned char)0>, libuavcan::platform::memory::PoolAllocator<40u, (unsigned char)80, unsigned char, libuavcan::platform::memory::StaticMemoryPool<40u, (unsigned char)80> > >::_M_create_nodes(libuavcan::media::CAN::Frame<(unsigned short)64, (unsigned char)0>**, libuavcan::media::CAN::Frame<(unsigned short)64, (unsigned char)0>**)
 .text._ZNKSt11_Deque_baseIN9libuavcan5media3CAN5FrameILt64ELh0EEENS0_8platform6memory13PoolAllocatorILj40ELh80EhNS6_16StaticMemoryPoolILj40ELh80EEEEEE20_M_get_map_allocatorEv
                0x0000aaf4       0x32 ./src/main.o
                0x0000aaf4                std::_Deque_base<libuavcan::media::CAN::Frame<(unsigned short)64, (unsigned char)0>, libuavcan::platform::memory::PoolAllocator<40u, (unsigned char)80, unsigned char, libuavcan::platform::memory::StaticMemoryPool<40u, (unsigned char)80> > >::_M_get_map_allocator() const
 .text._ZN9libuavcan8platform6memory13PoolAllocatorILj40ELh80EPNS_5media3CAN5FrameILt64ELh0EEENS1_16StaticMemoryPoolILj40ELh80EEEEC2IS7_EERKNS2_ILj40ELh80ET_S9_EE
                0x0000ab26       0x1e ./src/main.o
                0x0000ab26                libuavcan::platform::memory::PoolAllocator<40u, (unsigned char)80, libuavcan::media::CAN::Frame<(unsigned short)64, (unsigned char)0>*, libuavcan::platform::memory::StaticMemoryPool<40u, (unsigned char)80> >::PoolAllocator<libuavcan::media::CAN::Frame<(unsigned short)64, (unsigned char)0>*>(libuavcan::platform::memory::PoolAllocator<40u, (unsigned char)80, libuavcan::media::CAN::Frame<(unsigned short)64, (unsigned char)0>*, libuavcan::platform::memory::StaticMemoryPool<40u, (unsigned char)80> > const&)
                0x0000ab26                libuavcan::platform::memory::PoolAllocator<40u, (unsigned char)80, libuavcan::media::CAN::Frame<(unsigned short)64, (unsigned char)0>*, libuavcan::platform::memory::StaticMemoryPool<40u, (unsigned char)80> >::PoolAllocator<libuavcan::media::CAN::Frame<(unsigned short)64, (unsigned char)0>*>(libuavcan::platform::memory::PoolAllocator<40u, (unsigned char)80, libuavcan::media::CAN::Frame<(unsigned short)64, (unsigned char)0>*, libuavcan::platform::memory::StaticMemoryPool<40u, (unsigned char)80> > const&)
 .text._ZNSt16allocator_traitsIN9libuavcan8platform6memory13PoolAllocatorILj40ELh80EPNS0_5media3CAN5FrameILt64ELh0EEENS2_16StaticMemoryPoolILj40ELh80EEEEEE10deallocateERSB_PS8_j
                0x0000ab44       0x1e ./src/main.o
                0x0000ab44                std::allocator_traits<libuavcan::platform::memory::PoolAllocator<40u, (unsigned char)80, libuavcan::media::CAN::Frame<(unsigned short)64, (unsigned char)0>*, libuavcan::platform::memory::StaticMemoryPool<40u, (unsigned char)80> > >::deallocate(libuavcan::platform::memory::PoolAllocator<40u, (unsigned char)80, libuavcan::media::CAN::Frame<(unsigned short)64, (unsigned char)0>*, libuavcan::platform::memory::StaticMemoryPool<40u, (unsigned char)80> >&, libuavcan::media::CAN::Frame<(unsigned short)64, (unsigned char)0>**, unsigned int)
 .text._ZNSt5dequeIN9libuavcan5media3CAN5FrameILt64ELh0EEENS0_8platform6memory13PoolAllocatorILj40ELh80EhNS6_16StaticMemoryPoolILj40ELh80EEEEEE14_S_buffer_sizeEv
                0x0000ab62       0x10 ./src/main.o
                0x0000ab62                std::deque<libuavcan::media::CAN::Frame<(unsigned short)64, (unsigned char)0>, libuavcan::platform::memory::PoolAllocator<40u, (unsigned char)80, unsigned char, libuavcan::platform::memory::StaticMemoryPool<40u, (unsigned char)80> > >::_S_buffer_size()
 .text._ZSt8_DestroyIPN9libuavcan5media3CAN5FrameILt64ELh0EEENS0_8platform6memory13PoolAllocatorILj40ELh80ES4_NS7_16StaticMemoryPoolILj40ELh80EEEEEEvT_SC_RT0_
                0x0000ab72       0x34 ./src/main.o
                0x0000ab72                void std::_Destroy<libuavcan::media::CAN::Frame<(unsigned short)64, (unsigned char)0>*, libuavcan::platform::memory::PoolAllocator<40u, (unsigned char)80, libuavcan::media::CAN::Frame<(unsigned short)64, (unsigned char)0>, libuavcan::platform::memory::StaticMemoryPool<40u, (unsigned char)80> > >(libuavcan::media::CAN::Frame<(unsigned short)64, (unsigned char)0>*, libuavcan::media::CAN::Frame<(unsigned short)64, (unsigned char)0>*, libuavcan::platform::memory::PoolAllocator<40u, (unsigned char)80, libuavcan::media::CAN::Frame<(unsigned short)64, (unsigned char)0>, libuavcan::platform::memory::StaticMemoryPool<40u, (unsigned char)80> >&)
 .text._ZSt12__niter_baseIPKhET_S2_
                0x0000aba6       0x16 ./src/main.o
                0x0000aba6                unsigned char const* std::__niter_base<unsigned char const*>(unsigned char const*)
 .text._ZSt13__copy_move_aILb0EPKhPhET1_T0_S4_S3_
                0x0000abbc       0x24 ./src/main.o
                0x0000abbc                unsigned char* std::__copy_move_a<false, unsigned char const*, unsigned char*>(unsigned char const*, unsigned char const*, unsigned char*)
 .text._ZNSt16allocator_traitsIN9libuavcan8platform6memory13PoolAllocatorILj40ELh80ENS0_5media3CAN5FrameILt64ELh0EEENS2_16StaticMemoryPoolILj40ELh80EEEEEE10deallocateERSA_PS7_j
                0x0000abe0       0x1e ./src/main.o
                0x0000abe0                std::allocator_traits<libuavcan::platform::memory::PoolAllocator<40u, (unsigned char)80, libuavcan::media::CAN::Frame<(unsigned short)64, (unsigned char)0>, libuavcan::platform::memory::StaticMemoryPool<40u, (unsigned char)80> > >::deallocate(libuavcan::platform::memory::PoolAllocator<40u, (unsigned char)80, libuavcan::media::CAN::Frame<(unsigned short)64, (unsigned char)0>, libuavcan::platform::memory::StaticMemoryPool<40u, (unsigned char)80> >&, libuavcan::media::CAN::Frame<(unsigned short)64, (unsigned char)0>*, unsigned int)
 .text._ZNSt5dequeIN9libuavcan5media3CAN5FrameILt64ELh0EEENS0_8platform6memory13PoolAllocatorILj40ELh80EhNS6_16StaticMemoryPoolILj40ELh80EEEEEE17_M_reallocate_mapEjb
                0x0000abfe      0x138 ./src/main.o
                0x0000abfe                std::deque<libuavcan::media::CAN::Frame<(unsigned short)64, (unsigned char)0>, libuavcan::platform::memory::PoolAllocator<40u, (unsigned char)80, unsigned char, libuavcan::platform::memory::StaticMemoryPool<40u, (unsigned char)80> > >::_M_reallocate_map(unsigned int, bool)
 .text._ZNSt16allocator_traitsIN9libuavcan8platform6memory13PoolAllocatorILj40ELh80ENS0_5media3CAN5FrameILt64ELh0EEENS2_16StaticMemoryPoolILj40ELh80EEEEEE8allocateERSA_j
                0x0000ad36       0x1c ./src/main.o
                0x0000ad36                std::allocator_traits<libuavcan::platform::memory::PoolAllocator<40u, (unsigned char)80, libuavcan::media::CAN::Frame<(unsigned short)64, (unsigned char)0>, libuavcan::platform::memory::StaticMemoryPool<40u, (unsigned char)80> > >::allocate(libuavcan::platform::memory::PoolAllocator<40u, (unsigned char)80, libuavcan::media::CAN::Frame<(unsigned short)64, (unsigned char)0>, libuavcan::platform::memory::StaticMemoryPool<40u, (unsigned char)80> >&, unsigned int)
 *fill*         0x0000ad52        0x2 
 .text._ZN9libuavcan8platform6memory16StaticMemoryPoolILj40ELh80EE12getReferenceEv
                0x0000ad54       0x50 ./src/main.o
                0x0000ad54                libuavcan::platform::memory::StaticMemoryPool<40u, (unsigned char)80>::getReference()
 .text._ZNSt16allocator_traitsIN9libuavcan8platform6memory13PoolAllocatorILj40ELh80EPNS0_5media3CAN5FrameILt64ELh0EEENS2_16StaticMemoryPoolILj40ELh80EEEEEE8allocateERSB_j
                0x0000ada4       0x1c ./src/main.o
                0x0000ada4                std::allocator_traits<libuavcan::platform::memory::PoolAllocator<40u, (unsigned char)80, libuavcan::media::CAN::Frame<(unsigned short)64, (unsigned char)0>*, libuavcan::platform::memory::StaticMemoryPool<40u, (unsigned char)80> > >::allocate(libuavcan::platform::memory::PoolAllocator<40u, (unsigned char)80, libuavcan::media::CAN::Frame<(unsigned short)64, (unsigned char)0>*, libuavcan::platform::memory::StaticMemoryPool<40u, (unsigned char)80> >&, unsigned int)
 .text._ZNKSt11_Deque_baseIN9libuavcan5media3CAN5FrameILt64ELh0EEENS0_8platform6memory13PoolAllocatorILj40ELh80EhNS6_16StaticMemoryPoolILj40ELh80EEEEEE19_M_get_Tp_allocatorEv
                0x0000adc0       0x16 ./src/main.o
                0x0000adc0                std::_Deque_base<libuavcan::media::CAN::Frame<(unsigned short)64, (unsigned char)0>, libuavcan::platform::memory::PoolAllocator<40u, (unsigned char)80, unsigned char, libuavcan::platform::memory::StaticMemoryPool<40u, (unsigned char)80> > >::_M_get_Tp_allocator() const
 .text._ZN9libuavcan8platform6memory13PoolAllocatorILj40ELh80EPNS_5media3CAN5FrameILt64ELh0EEENS1_16StaticMemoryPoolILj40ELh80EEEEC2IS6_EERKNS2_ILj40ELh80ET_S9_EE
                0x0000add6       0x1e ./src/main.o
                0x0000add6                libuavcan::platform::memory::PoolAllocator<40u, (unsigned char)80, libuavcan::media::CAN::Frame<(unsigned short)64, (unsigned char)0>*, libuavcan::platform::memory::StaticMemoryPool<40u, (unsigned char)80> >::PoolAllocator<libuavcan::media::CAN::Frame<(unsigned short)64, (unsigned char)0> >(libuavcan::platform::memory::PoolAllocator<40u, (unsigned char)80, libuavcan::media::CAN::Frame<(unsigned short)64, (unsigned char)0>, libuavcan::platform::memory::StaticMemoryPool<40u, (unsigned char)80> > const&)
                0x0000add6                libuavcan::platform::memory::PoolAllocator<40u, (unsigned char)80, libuavcan::media::CAN::Frame<(unsigned short)64, (unsigned char)0>*, libuavcan::platform::memory::StaticMemoryPool<40u, (unsigned char)80> >::PoolAllocator<libuavcan::media::CAN::Frame<(unsigned short)64, (unsigned char)0> >(libuavcan::platform::memory::PoolAllocator<40u, (unsigned char)80, libuavcan::media::CAN::Frame<(unsigned short)64, (unsigned char)0>, libuavcan::platform::memory::StaticMemoryPool<40u, (unsigned char)80> > const&)
 .text._ZN9libuavcan8platform6memory13PoolAllocatorILj40ELh80EPNS_5media3CAN5FrameILt64ELh0EEENS1_16StaticMemoryPoolILj40ELh80EEEE10deallocateEPS7_j
                0x0000adf4       0x20 ./src/main.o
                0x0000adf4                libuavcan::platform::memory::PoolAllocator<40u, (unsigned char)80, libuavcan::media::CAN::Frame<(unsigned short)64, (unsigned char)0>*, libuavcan::platform::memory::StaticMemoryPool<40u, (unsigned char)80> >::deallocate(libuavcan::media::CAN::Frame<(unsigned short)64, (unsigned char)0>**, unsigned int)
 .text._ZSt11__addressofIN9libuavcan5media3CAN5FrameILt64ELh0EEEEPT_RS5_
                0x0000ae14       0x16 ./src/main.o
                0x0000ae14                libuavcan::media::CAN::Frame<(unsigned short)64, (unsigned char)0>* std::__addressof<libuavcan::media::CAN::Frame<(unsigned short)64, (unsigned char)0> >(libuavcan::media::CAN::Frame<(unsigned short)64, (unsigned char)0>&)
 .text._ZNSt11__copy_moveILb0ELb1ESt26random_access_iterator_tagE8__copy_mIhEEPT_PKS3_S6_S4_
                0x0000ae2a       0x34 ./src/main.o
                0x0000ae2a                unsigned char* std::__copy_move<false, true, std::random_access_iterator_tag>::__copy_m<unsigned char>(unsigned char const*, unsigned char const*, unsigned char*)
 .text._ZN9libuavcan8platform6memory13PoolAllocatorILj40ELh80ENS_5media3CAN5FrameILt64ELh0EEENS1_16StaticMemoryPoolILj40ELh80EEEE10deallocateEPS6_j
                0x0000ae5e       0x20 ./src/main.o
                0x0000ae5e                libuavcan::platform::memory::PoolAllocator<40u, (unsigned char)80, libuavcan::media::CAN::Frame<(unsigned short)64, (unsigned char)0>, libuavcan::platform::memory::StaticMemoryPool<40u, (unsigned char)80> >::deallocate(libuavcan::media::CAN::Frame<(unsigned short)64, (unsigned char)0>*, unsigned int)
 .text._ZSt4copyIPPN9libuavcan5media3CAN5FrameILt64ELh0EEES6_ET0_T_S8_S7_
                0x0000ae7e       0x30 ./src/main.o
                0x0000ae7e                libuavcan::media::CAN::Frame<(unsigned short)64, (unsigned char)0>** std::copy<libuavcan::media::CAN::Frame<(unsigned short)64, (unsigned char)0>**, libuavcan::media::CAN::Frame<(unsigned short)64, (unsigned char)0>**>(libuavcan::media::CAN::Frame<(unsigned short)64, (unsigned char)0>**, libuavcan::media::CAN::Frame<(unsigned short)64, (unsigned char)0>**, libuavcan::media::CAN::Frame<(unsigned short)64, (unsigned char)0>**)
 .text._ZSt13copy_backwardIPPN9libuavcan5media3CAN5FrameILt64ELh0EEES6_ET0_T_S8_S7_
                0x0000aeae       0x30 ./src/main.o
                0x0000aeae                libuavcan::media::CAN::Frame<(unsigned short)64, (unsigned char)0>** std::copy_backward<libuavcan::media::CAN::Frame<(unsigned short)64, (unsigned char)0>**, libuavcan::media::CAN::Frame<(unsigned short)64, (unsigned char)0>**>(libuavcan::media::CAN::Frame<(unsigned short)64, (unsigned char)0>**, libuavcan::media::CAN::Frame<(unsigned short)64, (unsigned char)0>**, libuavcan::media::CAN::Frame<(unsigned short)64, (unsigned char)0>**)
 .text._ZN9libuavcan8platform6memory13PoolAllocatorILj40ELh80ENS_5media3CAN5FrameILt64ELh0EEENS1_16StaticMemoryPoolILj40ELh80EEEE8allocateEj
                0x0000aede       0x20 ./src/main.o
                0x0000aede                libuavcan::platform::memory::PoolAllocator<40u, (unsigned char)80, libuavcan::media::CAN::Frame<(unsigned short)64, (unsigned char)0>, libuavcan::platform::memory::StaticMemoryPool<40u, (unsigned char)80> >::allocate(unsigned int)
 .text._ZN9libuavcan8platform6memory16StaticMemoryPoolILj40ELh80EEC2Ev
                0x0000aefe       0x92 ./src/main.o
                0x0000aefe                libuavcan::platform::memory::StaticMemoryPool<40u, (unsigned char)80>::StaticMemoryPool()
                0x0000aefe                libuavcan::platform::memory::StaticMemoryPool<40u, (unsigned char)80>::StaticMemoryPool()
 .text._ZN9libuavcan8platform6memory13PoolAllocatorILj40ELh80EPNS_5media3CAN5FrameILt64ELh0EEENS1_16StaticMemoryPoolILj40ELh80EEEE8allocateEj
                0x0000af90       0x20 ./src/main.o
                0x0000af90                libuavcan::platform::memory::PoolAllocator<40u, (unsigned char)80, libuavcan::media::CAN::Frame<(unsigned short)64, (unsigned char)0>*, libuavcan::platform::memory::StaticMemoryPool<40u, (unsigned char)80> >::allocate(unsigned int)
 .text._ZN9libuavcan8platform6memory16StaticMemoryPoolILj40ELh80EE10deallocateEPv
                0x0000afb0       0x30 ./src/main.o
                0x0000afb0                libuavcan::platform::memory::StaticMemoryPool<40u, (unsigned char)80>::deallocate(void*)
 .text._ZSt12__miter_baseIPPN9libuavcan5media3CAN5FrameILt64ELh0EEEET_S7_
                0x0000afe0       0x16 ./src/main.o
                0x0000afe0                libuavcan::media::CAN::Frame<(unsigned short)64, (unsigned char)0>** std::__miter_base<libuavcan::media::CAN::Frame<(unsigned short)64, (unsigned char)0>**>(libuavcan::media::CAN::Frame<(unsigned short)64, (unsigned char)0>**)
 .text._ZSt14__copy_move_a2ILb0EPPN9libuavcan5media3CAN5FrameILt64ELh0EEES6_ET1_T0_S8_S7_
                0x0000aff6       0x38 ./src/main.o
                0x0000aff6                libuavcan::media::CAN::Frame<(unsigned short)64, (unsigned char)0>** std::__copy_move_a2<false, libuavcan::media::CAN::Frame<(unsigned short)64, (unsigned char)0>**, libuavcan::media::CAN::Frame<(unsigned short)64, (unsigned char)0>**>(libuavcan::media::CAN::Frame<(unsigned short)64, (unsigned char)0>**, libuavcan::media::CAN::Frame<(unsigned short)64, (unsigned char)0>**, libuavcan::media::CAN::Frame<(unsigned short)64, (unsigned char)0>**)
 .text._ZSt23__copy_move_backward_a2ILb0EPPN9libuavcan5media3CAN5FrameILt64ELh0EEES6_ET1_T0_S8_S7_
                0x0000b02e       0x38 ./src/main.o
                0x0000b02e                libuavcan::media::CAN::Frame<(unsigned short)64, (unsigned char)0>** std::__copy_move_backward_a2<false, libuavcan::media::CAN::Frame<(unsigned short)64, (unsigned char)0>**, libuavcan::media::CAN::Frame<(unsigned short)64, (unsigned char)0>**>(libuavcan::media::CAN::Frame<(unsigned short)64, (unsigned char)0>**, libuavcan::media::CAN::Frame<(unsigned short)64, (unsigned char)0>**, libuavcan::media::CAN::Frame<(unsigned short)64, (unsigned char)0>**)
 *fill*         0x0000b066        0x2 
 .text._ZNSt9exceptionC2ERKS_
                0x0000b068       0x24 ./src/main.o
                0x0000b068                std::exception::exception(std::exception const&)
                0x0000b068                std::exception::exception(std::exception const&)
 .text._ZNSt9bad_allocC2ERKS_
                0x0000b08c       0x2c ./src/main.o
                0x0000b08c                std::bad_alloc::bad_alloc(std::bad_alloc const&)
                0x0000b08c                std::bad_alloc::bad_alloc(std::bad_alloc const&)
 .text._ZN9libuavcan8platform6memory16StaticMemoryPoolILj40ELh80EE8allocateEj
                0x0000b0b8       0xdc ./src/main.o
                0x0000b0b8                libuavcan::platform::memory::StaticMemoryPool<40u, (unsigned char)80>::allocate(unsigned int)
 .text._ZNSt6atomicIPN9libuavcan8platform6memory16StaticMemoryPoolILj40ELh80EE5BlockEE5storeES6_St12memory_order
                0x0000b194       0x40 ./src/main.o
                0x0000b194                std::atomic<libuavcan::platform::memory::StaticMemoryPool<40u, (unsigned char)80>::Block*>::store(libuavcan::platform::memory::StaticMemoryPool<40u, (unsigned char)80>::Block*, std::memory_order)
 .text._ZNKSt6atomicIPN9libuavcan8platform6memory16StaticMemoryPoolILj40ELh80EE5BlockEE4loadESt12memory_order
                0x0000b1d4       0x3a ./src/main.o
                0x0000b1d4                std::atomic<libuavcan::platform::memory::StaticMemoryPool<40u, (unsigned char)80>::Block*>::load(std::memory_order) const
 .text._ZSt15atomic_exchangeIPN9libuavcan8platform6memory16StaticMemoryPoolILj40ELh80EE5BlockEET_PSt6atomicIS7_ES7_
                0x0000b20e       0x1e ./src/main.o
                0x0000b20e                libuavcan::platform::memory::StaticMemoryPool<40u, (unsigned char)80>::Block* std::atomic_exchange<libuavcan::platform::memory::StaticMemoryPool<40u, (unsigned char)80>::Block*>(std::atomic<libuavcan::platform::memory::StaticMemoryPool<40u, (unsigned char)80>::Block*>*, libuavcan::platform::memory::StaticMemoryPool<40u, (unsigned char)80>::Block*)
 .text._ZSt12__niter_baseIPPN9libuavcan5media3CAN5FrameILt64ELh0EEEET_S7_
                0x0000b22c       0x16 ./src/main.o
                0x0000b22c                libuavcan::media::CAN::Frame<(unsigned short)64, (unsigned char)0>** std::__niter_base<libuavcan::media::CAN::Frame<(unsigned short)64, (unsigned char)0>**>(libuavcan::media::CAN::Frame<(unsigned short)64, (unsigned char)0>**)
 .text._ZSt13__copy_move_aILb0EPPN9libuavcan5media3CAN5FrameILt64ELh0EEES6_ET1_T0_S8_S7_
                0x0000b242       0x24 ./src/main.o
                0x0000b242                libuavcan::media::CAN::Frame<(unsigned short)64, (unsigned char)0>** std::__copy_move_a<false, libuavcan::media::CAN::Frame<(unsigned short)64, (unsigned char)0>**, libuavcan::media::CAN::Frame<(unsigned short)64, (unsigned char)0>**>(libuavcan::media::CAN::Frame<(unsigned short)64, (unsigned char)0>**, libuavcan::media::CAN::Frame<(unsigned short)64, (unsigned char)0>**, libuavcan::media::CAN::Frame<(unsigned short)64, (unsigned char)0>**)
 .text._ZSt22__copy_move_backward_aILb0EPPN9libuavcan5media3CAN5FrameILt64ELh0EEES6_ET1_T0_S8_S7_
                0x0000b266       0x24 ./src/main.o
                0x0000b266                libuavcan::media::CAN::Frame<(unsigned short)64, (unsigned char)0>** std::__copy_move_backward_a<false, libuavcan::media::CAN::Frame<(unsigned short)64, (unsigned char)0>**, libuavcan::media::CAN::Frame<(unsigned short)64, (unsigned char)0>**>(libuavcan::media::CAN::Frame<(unsigned short)64, (unsigned char)0>**, libuavcan::media::CAN::Frame<(unsigned short)64, (unsigned char)0>**, libuavcan::media::CAN::Frame<(unsigned short)64, (unsigned char)0>**)
 .text._ZSt28atomic_compare_exchange_weakIPN9libuavcan8platform6memory16StaticMemoryPoolILj40ELh80EE5BlockEEbPSt6atomicIT_EPS8_S8_
                0x0000b28a       0x26 ./src/main.o
                0x0000b28a                bool std::atomic_compare_exchange_weak<libuavcan::platform::memory::StaticMemoryPool<40u, (unsigned char)80>::Block*>(std::atomic<libuavcan::platform::memory::StaticMemoryPool<40u, (unsigned char)80>::Block*>*, libuavcan::platform::memory::StaticMemoryPool<40u, (unsigned char)80>::Block**, libuavcan::platform::memory::StaticMemoryPool<40u, (unsigned char)80>::Block*)
 .text._ZSt24atomic_exchange_explicitIPN9libuavcan8platform6memory16StaticMemoryPoolILj40ELh80EE5BlockEET_PSt6atomicIS7_ES7_St12memory_order
                0x0000b2b0       0x24 ./src/main.o
                0x0000b2b0                libuavcan::platform::memory::StaticMemoryPool<40u, (unsigned char)80>::Block* std::atomic_exchange_explicit<libuavcan::platform::memory::StaticMemoryPool<40u, (unsigned char)80>::Block*>(std::atomic<libuavcan::platform::memory::StaticMemoryPool<40u, (unsigned char)80>::Block*>*, libuavcan::platform::memory::StaticMemoryPool<40u, (unsigned char)80>::Block*, std::memory_order)
 .text._ZNSt11__copy_moveILb0ELb1ESt26random_access_iterator_tagE8__copy_mIPN9libuavcan5media3CAN5FrameILt64ELh0EEEEEPT_PKS9_SC_SA_
                0x0000b2d4       0x3a ./src/main.o
                0x0000b2d4                libuavcan::media::CAN::Frame<(unsigned short)64, (unsigned char)0>** std::__copy_move<false, true, std::random_access_iterator_tag>::__copy_m<libuavcan::media::CAN::Frame<(unsigned short)64, (unsigned char)0>*>(libuavcan::media::CAN::Frame<(unsigned short)64, (unsigned char)0>* const*, libuavcan::media::CAN::Frame<(unsigned short)64, (unsigned char)0>* const*, libuavcan::media::CAN::Frame<(unsigned short)64, (unsigned char)0>**)
 .text._ZNSt20__copy_move_backwardILb0ELb1ESt26random_access_iterator_tagE13__copy_move_bIPN9libuavcan5media3CAN5FrameILt64ELh0EEEEEPT_PKS9_SC_SA_
                0x0000b30e       0x44 ./src/main.o
                0x0000b30e                libuavcan::media::CAN::Frame<(unsigned short)64, (unsigned char)0>** std::__copy_move_backward<false, true, std::random_access_iterator_tag>::__copy_move_b<libuavcan::media::CAN::Frame<(unsigned short)64, (unsigned char)0>*>(libuavcan::media::CAN::Frame<(unsigned short)64, (unsigned char)0>* const*, libuavcan::media::CAN::Frame<(unsigned short)64, (unsigned char)0>* const*, libuavcan::media::CAN::Frame<(unsigned short)64, (unsigned char)0>**)
 .text._ZSt37atomic_compare_exchange_weak_explicitIPN9libuavcan8platform6memory16StaticMemoryPoolILj40ELh80EE5BlockEEbPSt6atomicIT_EPS8_S8_St12memory_orderSC_
                0x0000b352       0x2a ./src/main.o
                0x0000b352                bool std::atomic_compare_exchange_weak_explicit<libuavcan::platform::memory::StaticMemoryPool<40u, (unsigned char)80>::Block*>(std::atomic<libuavcan::platform::memory::StaticMemoryPool<40u, (unsigned char)80>::Block*>*, libuavcan::platform::memory::StaticMemoryPool<40u, (unsigned char)80>::Block**, libuavcan::platform::memory::StaticMemoryPool<40u, (unsigned char)80>::Block*, std::memory_order, std::memory_order)
 .text._ZNSt6atomicIPN9libuavcan8platform6memory16StaticMemoryPoolILj40ELh80EE5BlockEE8exchangeES6_St12memory_order
                0x0000b37c       0x42 ./src/main.o
                0x0000b37c                std::atomic<libuavcan::platform::memory::StaticMemoryPool<40u, (unsigned char)80>::Block*>::exchange(libuavcan::platform::memory::StaticMemoryPool<40u, (unsigned char)80>::Block*, std::memory_order)
 .text._ZNSt6atomicIPN9libuavcan8platform6memory16StaticMemoryPoolILj40ELh80EE5BlockEE21compare_exchange_weakERS6_S6_St12memory_orderS9_
                0x0000b3be       0x80 ./src/main.o
                0x0000b3be                std::atomic<libuavcan::platform::memory::StaticMemoryPool<40u, (unsigned char)80>::Block*>::compare_exchange_weak(libuavcan::platform::memory::StaticMemoryPool<40u, (unsigned char)80>::Block*&, libuavcan::platform::memory::StaticMemoryPool<40u, (unsigned char)80>::Block*, std::memory_order, std::memory_order)
 *fill*         0x0000b43e        0x2 
 .text._ZN9libuavcan5media21S32K_InterfaceManagerD2Ev
                0x0000b440       0x30 ./src/main.o
                0x0000b440                libuavcan::media::S32K_InterfaceManager::~S32K_InterfaceManager()
                0x0000b440                libuavcan::media::S32K_InterfaceManager::~S32K_InterfaceManager()
 .text._ZN9libuavcan5media21S32K_InterfaceManagerD0Ev
                0x0000b470       0x20 ./src/main.o
                0x0000b470                libuavcan::media::S32K_InterfaceManager::~S32K_InterfaceManager()
 .text._ZN9libuavcan5media19S32K_InterfaceGroupD2Ev
                0x0000b490       0x24 ./src/main.o
                0x0000b490                libuavcan::media::S32K_InterfaceGroup::~S32K_InterfaceGroup()
                0x0000b490                libuavcan::media::S32K_InterfaceGroup::~S32K_InterfaceGroup()
 .text._ZN9libuavcan5media19S32K_InterfaceGroupD0Ev
                0x0000b4b4       0x20 ./src/main.o
                0x0000b4b4                libuavcan::media::S32K_InterfaceGroup::~S32K_InterfaceGroup()
 .text._Z41__static_initialization_and_destruction_0ii
                0x0000b4d4       0x84 ./src/main.o
 .text._GLOBAL__sub_I__ZN9libuavcan5media17g_frame_ISRbufferE
                0x0000b558       0x10 ./src/main.o
 .text._GLOBAL__sub_D__ZN9libuavcan5media17g_frame_ISRbufferE
                0x0000b568       0x10 ./src/main.o
 .text.SystemInit
                0x0000b578       0x58 ./Project_Settings/Startup_Code/system_S32K142.o
                0x0000b578                SystemInit
 .text.init_data_bss
                0x0000b5d0      0x12c ./Project_Settings/Startup_Code/startup.o
                0x0000b5d0                init_data_bss
 .text.__cxa_guard_acquire
                0x0000b6fc       0x38 C:/nxp/S32DS_ARM_v2018.R1/Cross_Tools/gcc-6.3-arm32-eabi/arm-none-eabi/newlib/lib/thumb/v7e-m/fpv4-sp/hard\libstdc++.a(guard.o)
                0x0000b6fc                __cxa_guard_acquire
 .text.__cxa_guard_release
                0x0000b734        0x8 C:/nxp/S32DS_ARM_v2018.R1/Cross_Tools/gcc-6.3-arm32-eabi/arm-none-eabi/newlib/lib/thumb/v7e-m/fpv4-sp/hard\libstdc++.a(guard.o)
                0x0000b734                __cxa_guard_release
 .text._ZL23__gxx_exception_cleanup19_Unwind_Reason_CodeP21_Unwind_Control_Block
                0x0000b73c       0x44 C:/nxp/S32DS_ARM_v2018.R1/Cross_Tools/gcc-6.3-arm32-eabi/arm-none-eabi/newlib/lib/thumb/v7e-m/fpv4-sp/hard\libstdc++.a(eh_throw.o)
 .text.__cxa_throw
                0x0000b780       0x7c C:/nxp/S32DS_ARM_v2018.R1/Cross_Tools/gcc-6.3-arm32-eabi/arm-none-eabi/newlib/lib/thumb/v7e-m/fpv4-sp/hard\libstdc++.a(eh_throw.o)
                0x0000b780                __cxa_throw
 .text.__cxa_rethrow
                0x0000b7fc       0x70 C:/nxp/S32DS_ARM_v2018.R1/Cross_Tools/gcc-6.3-arm32-eabi/arm-none-eabi/newlib/lib/thumb/v7e-m/fpv4-sp/hard\libstdc++.a(eh_throw.o)
                0x0000b7fc                __cxa_rethrow
 .text.__cxa_begin_catch
                0x0000b86c       0x7c C:/nxp/S32DS_ARM_v2018.R1/Cross_Tools/gcc-6.3-arm32-eabi/arm-none-eabi/newlib/lib/thumb/v7e-m/fpv4-sp/hard\libstdc++.a(eh_catch.o)
                0x0000b86c                __cxa_begin_catch
 .text.__cxa_end_catch
                0x0000b8e8       0x8c C:/nxp/S32DS_ARM_v2018.R1/Cross_Tools/gcc-6.3-arm32-eabi/arm-none-eabi/newlib/lib/thumb/v7e-m/fpv4-sp/hard\libstdc++.a(eh_catch.o)
                0x0000b8e8                __cxa_end_catch
 .text._ZNSt9exceptionD2Ev
                0x0000b974        0x4 C:/nxp/S32DS_ARM_v2018.R1/Cross_Tools/gcc-6.3-arm32-eabi/arm-none-eabi/newlib/lib/thumb/v7e-m/fpv4-sp/hard\libstdc++.a(eh_exception.o)
                0x0000b974                std::exception::~exception()
                0x0000b974                std::exception::~exception()
 .text._ZNSt13bad_exceptionD2Ev
                0x0000b978        0x4 C:/nxp/S32DS_ARM_v2018.R1/Cross_Tools/gcc-6.3-arm32-eabi/arm-none-eabi/newlib/lib/thumb/v7e-m/fpv4-sp/hard\libstdc++.a(eh_exception.o)
                0x0000b978                std::bad_exception::~bad_exception()
                0x0000b978                std::bad_exception::~bad_exception()
 .text._ZGTtNKSt9exception4whatEv
                0x0000b97c        0x8 C:/nxp/S32DS_ARM_v2018.R1/Cross_Tools/gcc-6.3-arm32-eabi/arm-none-eabi/newlib/lib/thumb/v7e-m/fpv4-sp/hard\libstdc++.a(eh_exception.o)
                0x0000b97c                std::exception::what() const
                0x0000b97c                transaction clone for std::exception::what() const
 .text._ZGTtNKSt13bad_exception4whatEv
                0x0000b984        0x8 C:/nxp/S32DS_ARM_v2018.R1/Cross_Tools/gcc-6.3-arm32-eabi/arm-none-eabi/newlib/lib/thumb/v7e-m/fpv4-sp/hard\libstdc++.a(eh_exception.o)
                0x0000b984                std::bad_exception::what() const
                0x0000b984                transaction clone for std::bad_exception::what() const
 .text._ZNSt9exceptionD0Ev
                0x0000b98c       0x10 C:/nxp/S32DS_ARM_v2018.R1/Cross_Tools/gcc-6.3-arm32-eabi/arm-none-eabi/newlib/lib/thumb/v7e-m/fpv4-sp/hard\libstdc++.a(eh_exception.o)
                0x0000b98c                std::exception::~exception()
 .text._ZNSt13bad_exceptionD0Ev
                0x0000b99c       0x10 C:/nxp/S32DS_ARM_v2018.R1/Cross_Tools/gcc-6.3-arm32-eabi/arm-none-eabi/newlib/lib/thumb/v7e-m/fpv4-sp/hard\libstdc++.a(eh_exception.o)
                0x0000b99c                std::bad_exception::~bad_exception()
 .text._ZN10__cxxabiv121__vmi_class_type_infoD2Ev
                0x0000b9ac       0x14 C:/nxp/S32DS_ARM_v2018.R1/Cross_Tools/gcc-6.3-arm32-eabi/arm-none-eabi/newlib/lib/thumb/v7e-m/fpv4-sp/hard\libstdc++.a(vmi_class_type_info.o)
                0x0000b9ac                __cxxabiv1::__vmi_class_type_info::~__vmi_class_type_info()
                0x0000b9ac                __cxxabiv1::__vmi_class_type_info::~__vmi_class_type_info()
 .text._ZN10__cxxabiv121__vmi_class_type_infoD0Ev
                0x0000b9c0       0x1c C:/nxp/S32DS_ARM_v2018.R1/Cross_Tools/gcc-6.3-arm32-eabi/arm-none-eabi/newlib/lib/thumb/v7e-m/fpv4-sp/hard\libstdc++.a(vmi_class_type_info.o)
                0x0000b9c0                __cxxabiv1::__vmi_class_type_info::~__vmi_class_type_info()
 .text._ZNK10__cxxabiv121__vmi_class_type_info20__do_find_public_srcEiPKvPKNS_17__class_type_infoES2_
                0x0000b9dc       0x80 C:/nxp/S32DS_ARM_v2018.R1/Cross_Tools/gcc-6.3-arm32-eabi/arm-none-eabi/newlib/lib/thumb/v7e-m/fpv4-sp/hard\libstdc++.a(vmi_class_type_info.o)